Component: ARM Compiler 5.06 update 1 (build 61) Tool: armlink [4d35a8]

==============================================================================

Section Cross References

    system_stm32f10x.o(i.SetSysClock) refers to system_stm32f10x.o(i.SetSysClockTo72) for SetSysClockTo72
    system_stm32f10x.o(i.SetSysClockTo72) refers to stm32f10x_rcc.o(i.RCC_DeInit) for RCC_DeInit
    system_stm32f10x.o(i.SetSysClockTo72) refers to stm32f10x_rcc.o(i.RCC_HSICmd) for RCC_HSICmd
    system_stm32f10x.o(i.SetSysClockTo72) refers to stm32f10x_rcc.o(i.RCC_GetFlagStatus) for RCC_GetFlagStatus
    system_stm32f10x.o(i.SetSysClockTo72) refers to stm32f10x_rcc.o(i.RCC_HCLKConfig) for RCC_HCLKConfig
    system_stm32f10x.o(i.SetSysClockTo72) refers to stm32f10x_rcc.o(i.RCC_PCLK2Config) for RCC_PCLK2Config
    system_stm32f10x.o(i.SetSysClockTo72) refers to stm32f10x_rcc.o(i.RCC_PCLK1Config) for RCC_PCLK1Config
    system_stm32f10x.o(i.SetSysClockTo72) refers to stm32f10x_rcc.o(i.RCC_PLLConfig) for RCC_PLLConfig
    system_stm32f10x.o(i.SetSysClockTo72) refers to stm32f10x_rcc.o(i.RCC_PLLCmd) for RCC_PLLCmd
    system_stm32f10x.o(i.SetSysClockTo72) refers to stm32f10x_rcc.o(i.RCC_SYSCLKConfig) for RCC_SYSCLKConfig
    system_stm32f10x.o(i.SetSysClockTo72) refers to stm32f10x_rcc.o(i.RCC_GetSYSCLKSource) for RCC_GetSYSCLKSource
    system_stm32f10x.o(i.SetSysClockTo72) refers to init.o(.data) for gbf_hse_setup_fail
    system_stm32f10x.o(i.SystemCoreClockUpdate) refers to system_stm32f10x.o(.data) for SystemCoreClock
    system_stm32f10x.o(i.SystemInit) refers to system_stm32f10x.o(i.SetSysClock) for SetSysClock
    system_stm32f10x.o(i.SystemInit) refers to misc.o(i.NVIC_SetVectorTable) for NVIC_SetVectorTable
    startup_stm32f10x_md.o(RESET) refers to startup_stm32f10x_md.o(STACK) for __initial_sp
    startup_stm32f10x_md.o(RESET) refers to startup_stm32f10x_md.o(.text) for Reset_Handler
    startup_stm32f10x_md.o(RESET) refers to stm32f10x_it.o(i.NMI_Handler) for NMI_Handler
    startup_stm32f10x_md.o(RESET) refers to stm32f10x_it.o(i.HardFault_Handler) for HardFault_Handler
    startup_stm32f10x_md.o(RESET) refers to stm32f10x_it.o(i.MemManage_Handler) for MemManage_Handler
    startup_stm32f10x_md.o(RESET) refers to stm32f10x_it.o(i.BusFault_Handler) for BusFault_Handler
    startup_stm32f10x_md.o(RESET) refers to stm32f10x_it.o(i.UsageFault_Handler) for UsageFault_Handler
    startup_stm32f10x_md.o(RESET) refers to stm32f10x_it.o(i.SVC_Handler) for SVC_Handler
    startup_stm32f10x_md.o(RESET) refers to stm32f10x_it.o(i.DebugMon_Handler) for DebugMon_Handler
    startup_stm32f10x_md.o(RESET) refers to stm32f10x_it.o(i.PendSV_Handler) for PendSV_Handler
    startup_stm32f10x_md.o(RESET) refers to stm32f10x_it.o(i.SysTick_Handler) for SysTick_Handler
    startup_stm32f10x_md.o(RESET) refers to stm32f10x_it.o(i.EXTI9_5_IRQHandler) for EXTI9_5_IRQHandler
    startup_stm32f10x_md.o(RESET) refers to stm32f10x_it.o(i.USART1_IRQHandler) for USART1_IRQHandler
    startup_stm32f10x_md.o(.text) refers to system_stm32f10x.o(i.SystemInit) for SystemInit
    startup_stm32f10x_md.o(.text) refers to entry.o(.ARM.Collect$$$$00000000) for __main
    stm32f10x_adc.o(i.ADC_DeInit) refers to stm32f10x_rcc.o(i.RCC_APB2PeriphResetCmd) for RCC_APB2PeriphResetCmd
    stm32f10x_bkp.o(i.BKP_DeInit) refers to stm32f10x_rcc.o(i.RCC_BackupResetCmd) for RCC_BackupResetCmd
    stm32f10x_can.o(i.CAN_DeInit) refers to stm32f10x_rcc.o(i.RCC_APB1PeriphResetCmd) for RCC_APB1PeriphResetCmd
    stm32f10x_can.o(i.CAN_GetITStatus) refers to stm32f10x_can.o(i.CheckITStatus) for CheckITStatus
    stm32f10x_cec.o(i.CEC_DeInit) refers to stm32f10x_rcc.o(i.RCC_APB1PeriphResetCmd) for RCC_APB1PeriphResetCmd
    stm32f10x_dac.o(i.DAC_DeInit) refers to stm32f10x_rcc.o(i.RCC_APB1PeriphResetCmd) for RCC_APB1PeriphResetCmd
    stm32f10x_flash.o(i.FLASH_EnableWriteProtection) refers to stm32f10x_flash.o(i.FLASH_WaitForLastOperation) for FLASH_WaitForLastOperation
    stm32f10x_flash.o(i.FLASH_EraseAllBank1Pages) refers to stm32f10x_flash.o(i.FLASH_WaitForLastBank1Operation) for FLASH_WaitForLastBank1Operation
    stm32f10x_flash.o(i.FLASH_EraseAllPages) refers to stm32f10x_flash.o(i.FLASH_WaitForLastOperation) for FLASH_WaitForLastOperation
    stm32f10x_flash.o(i.FLASH_EraseOptionBytes) refers to stm32f10x_flash.o(i.FLASH_GetReadOutProtectionStatus) for FLASH_GetReadOutProtectionStatus
    stm32f10x_flash.o(i.FLASH_EraseOptionBytes) refers to stm32f10x_flash.o(i.FLASH_WaitForLastOperation) for FLASH_WaitForLastOperation
    stm32f10x_flash.o(i.FLASH_ErasePage) refers to stm32f10x_flash.o(i.FLASH_WaitForLastOperation) for FLASH_WaitForLastOperation
    stm32f10x_flash.o(i.FLASH_ProgramHalfWord) refers to stm32f10x_flash.o(i.FLASH_WaitForLastOperation) for FLASH_WaitForLastOperation
[...]
    i.get_white_list_from_flash              0x08007f7c   Section        0  whitelist.o(i.get_white_list_from_flash)
    i.hal_nrf_rw                             0x08008094   Section        0  init.o(i.hal_nrf_rw)
    hal_nrf_rw                               0x08008095   Thumb Code    52  init.o(i.hal_nrf_rw)
    i.ledInit                                0x080080c8   Section        0  gpio.o(i.ledInit)
    i.ledOff                                 0x08008108   Section        0  gpio.o(i.ledOff)
    i.ledOn                                  0x08008140   Section        0  gpio.o(i.ledOn)
    i.ledToggle                              0x08008178   Section        0  gpio.o(i.ledToggle)
    i.main                                   0x0800819c   Section        0  main.o(i.main)
    i.malloc                                 0x080081a8   Section        0  malloc.o(i.malloc)
    i.mfrc500_gpio_init                      0x08008214   Section        0  mfrc500_hw.o(i.mfrc500_gpio_init)
    i.mfrc500_init                           0x0800831c   Section        0  mfrc500_hw.o(i.mfrc500_init)
    i.nrf1_spi_init                          0x0800840c   Section        0  nrf.o(i.nrf1_spi_init)
    i.nrf2_spi_init                          0x0800855c   Section        0  nrf.o(i.nrf2_spi_init)
    i.nrf51822_spi_init                      0x08008668   Section        0  nrf.o(i.nrf51822_spi_init)
    i.nrf_transmit_start                     0x08008674   Section        0  nrf.o(i.nrf_transmit_start)
    i.parse_array                            0x08008676   Section        0  cjson.o(i.parse_array)
    parse_array                              0x08008677   Thumb Code   188  cjson.o(i.parse_array)
    i.parse_hex4                             0x08008732   Section        0  cjson.o(i.parse_hex4)
    parse_hex4                               0x08008733   Thumb Code    92  cjson.o(i.parse_hex4)
    i.parse_number                           0x08008790   Section        0  cjson.o(i.parse_number)
    parse_number                             0x08008791   Thumb Code   106  cjson.o(i.parse_number)
    i.parse_object                           0x08008808   Section        0  cjson.o(i.parse_object)
    parse_object                             0x08008809   Thumb Code   284  cjson.o(i.parse_object)
    i.parse_string                           0x08008924   Section        0  cjson.o(i.parse_string)
    parse_string                             0x08008925   Thumb Code   560  cjson.o(i.parse_string)
    i.parse_value                            0x08008b60   Section        0  cjson.o(i.parse_value)
    parse_value                              0x08008b61   Thumb Code   166  cjson.o(i.parse_value)
    i.pre_wr_data                            0x08008c20   Section        0  nrf.o(i.pre_wr_data)
    i.rd_data_before_wr1                     0x08008c88   Section        0  nrf.o(i.rd_data_before_wr1)
    i.retransmit_2s_timer_callback           0x08008db8   Section        0  app_send_data_process.o(i.retransmit_2s_timer_callback)
    i.retransmit_500ms_timer_callback        0x08008dc4   Section        0  app_send_data_process.o(i.retransmit_500ms_timer_callback)
    i.rf_get_card_status                     0x08008df0   Section        0  app_card_process.o(i.rf_get_card_status)
    i.rf_set_card_status                     0x08008dfc   Section        0  app_card_process.o(i.rf_set_card_status)
    i.search_uid_in_white_list               0x08008e08   Section        0  whitelist.o(i.search_uid_in_white_list)
    i.send_data_process_timer_init           0x08008e54   Section        0  app_send_data_process.o(i.send_data_process_timer_init)
    i.serial_cmd_find_card                   0x08008ec4   Section        0  app_serial_cmd_process.o(i.serial_cmd_find_card)
    i.serial_cmd_get_device_info             0x08008fb4   Section        0  app_serial_cmd_process.o(i.serial_cmd_get_device_info)
    i.serial_cmd_process                     0x080090bc   Section        0  app_serial_cmd_process.o(i.serial_cmd_process)
    serial_cmd_process                       0x080090bd   Thumb Code   254  app_serial_cmd_process.o(i.serial_cmd_process)
    i.serial_cmd_si24r2e_rd_wr_nvm           0x08009238   Section        0  app_serial_cmd_process.o(i.serial_cmd_si24r2e_rd_wr_nvm)
    i.set                                    0x08009268   Section        0  ringbuffer.o(i.set)
    set                                      0x08009269   Thumb Code    26  ringbuffer.o(i.set)
    i.set_index_of_white_list_pos            0x0800928c   Section        0  whitelist.o(i.set_index_of_white_list_pos)
    i.si24r2e_read_nvm                       0x08009300   Section        0  nrf.o(i.si24r2e_read_nvm)
    i.si24r2e_write_nvm                      0x08009450   Section        0  nrf.o(i.si24r2e_write_nvm)
    i.skip                                   0x080094a4   Section        0  cjson.o(i.skip)
    skip                                     0x080094a5   Thumb Code    18  cjson.o(i.skip)
    i.spi_process_revice_data                0x080094b8   Section        0  app_send_data_process.o(i.spi_process_revice_data)
    i.spi_read_data_from_buffer              0x08009570   Section        0  ringbuffer.o(i.spi_read_data_from_buffer)
    i.spi_read_tx_payload                    0x080095f0   Section        0  init.o(i.spi_read_tx_payload)
    i.spi_set_cpu_rx_signal_ch               0x08009880   Section        0  init.o(i.spi_set_cpu_rx_signal_ch)
    i.spi_wr_data                            0x0800995c   Section        0  nrf.o(i.spi_wr_data)
    i.spi_write_data_to_buffer               0x08009990   Section        0  ringbuffer.o(i.spi_write_data_to_buffer)
    i.store_len_to_fee                       0x080099e8   Section        0  whitelist.o(i.store_len_to_fee)
    i.strtod                                 0x08009a06   Section        0  strtod.o(i.strtod)
    i.sw_clear_timer                         0x08009a24   Section        0  app_timer.o(i.sw_clear_timer)
    i.sw_create_timer                        0x08009a38   Section        0  app_timer.o(i.sw_create_timer)
    i.sw_get_cnt                             0x08009a68   Section        0  app_timer.o(i.sw_get_cnt)
    i.sw_get_status                          0x08009a6e   Section        0  app_timer.o(i.sw_get_status)
    i.sw_inc_cnt                             0x08009a76   Section        0  app_timer.o(i.sw_inc_cnt)
    i.sw_register_timer                      0x08009a80   Section        0  app_timer.o(i.sw_register_timer)
    i.sw_set_cnt                             0x08009ab8   Section        0  app_timer.o(i.sw_set_cnt)
    i.sw_set_sattus                          0x08009abc   Section        0  app_timer.o(i.sw_set_sattus)
    i.sw_timer_init                          0x08009ac4   Section        0  app_timer.o(i.sw_timer_init)
    i.sw_unregister_timer                    0x08009b20   Section        0  app_timer.o(i.sw_unregister_timer)
    i.system_timer_init                      0x08009b34   Section        0  app_timer.o(i.system_timer_init)
    i.systemtick_timeout_callback            0x08009b78   Section        0  app_timer.o(i.systemtick_timeout_callback)
    i.uart_revice_data_state_mechine         0x08009be4   Section        0  stm32f10x_it.o(i.uart_revice_data_state_mechine)
    i.uart_send_data_state_machine           0x08009d94   Section        0  stm32f10x_it.o(i.uart_send_data_state_machine)
    i.uidcmp                                 0x08009d96   Section        0  whitelist.o(i.uidcmp)
    i.update_bottom                          0x08009dc0   Section        0  ringbuffer.o(i.update_bottom)
    update_bottom                            0x08009dc1   Thumb Code    62  ringbuffer.o(i.update_bottom)
    i.update_data_to_buffer                  0x08009e0c   Section        0  app_send_data_process.o(i.update_data_to_buffer)
    update_data_to_buffer                    0x08009e0d   Thumb Code   880  app_send_data_process.o(i.update_data_to_buffer)
    i.update_read_status                     0x0800a2b0   Section        0  ringbuffer.o(i.update_read_status)
    update_read_status                       0x0800a2b1   Thumb Code    98  ringbuffer.o(i.update_read_status)
    i.update_top                             0x0800a324   Section        0  ringbuffer.o(i.update_top)
    update_top                               0x0800a325   Thumb Code    62  ringbuffer.o(i.update_top)
    i.update_write_status                    0x0800a370   Section        0  ringbuffer.o(i.update_write_status)
    update_write_status                      0x0800a371   Thumb Code    70  ringbuffer.o(i.update_write_status)
    i.whitelist_checktable_and               0x0800a3c4   Section        0  app_send_data_process.o(i.whitelist_checktable_and)
    i.wr_data                                0x0800a3fc   Section        0  nrf.o(i.wr_data)
    .constdata                               0x0800a500   Section       24  gpio.o(.constdata)
    .constdata                               0x0800a518   Section       60  app_serial_cmd_process.o(.constdata)
    cmd_list                                 0x0800a518   Data          60  app_serial_cmd_process.o(.constdata)
    .constdata                               0x0800a554   Section        8  ringbuffer.o(.constdata)
    .constdata                               0x0800a55c   Section        5  cjson.o(.constdata)
    firstByteMark                            0x0800a55c   Data           5  cjson.o(.constdata)
    .constdata                               0x0800a561   Section      129  ctype_o.o(.constdata)
    .constdata                               0x0800a5e4   Section        4  ctype_o.o(.constdata)
    table                                    0x0800a5e4   Data           4  ctype_o.o(.constdata)
    .conststring                             0x0800a5e8   Section       76  app_serial_cmd_process.o(.conststring)
    .data                                    0x20000000   Section       20  system_stm32f10x.o(.data)
    .data                                    0x20000014   Section       20  stm32f10x_rcc.o(.data)
    APBAHBPrescTable                         0x20000014   Data          16  stm32f10x_rcc.o(.data)
    ADCPrescTable                            0x20000024   Data           4  stm32f10x_rcc.o(.data)
    .data                                    0x20000028   Section        2  eeprom.o(.data)
    .data                                    0x2000002c   Section       16  gpio.o(.data)
    .data                                    0x2000003c   Section      104  nrf.o(.data)
    .data                                    0x200000a4   Section        8  app_card_process.o(.data)
    card_process_status                      0x200000a4   Data           1  app_card_process.o(.data)
    g_uid_len                                0x200000a8   Data           1  app_card_process.o(.data)
    wtrte_flash_ok                           0x200000a9   Data           1  app_card_process.o(.data)
    card_message_err                         0x200000aa   Data           1  app_card_process.o(.data)
    find_card_ok                             0x200000ab   Data           1  app_card_process.o(.data)
    .data                                    0x200000ac   Section        2  app_send_data_process.o(.data)
    send_data_status                         0x200000ac   Data           1  app_send_data_process.o(.data)
    send_count                               0x200000ad   Data           1  app_send_data_process.o(.data)
    .data                                    0x200000ae   Section        3  app_serial_cmd_process.o(.data)
    .data                                    0x200000b1   Section        1  app_show_message_process.o(.data)
    skip_flag                                0x200000b1   Data           1  app_show_message_process.o(.data)
    .data                                    0x200000b4   Section        9  app_timer.o(.data)
    TimingDelay                              0x200000b4   Data           4  app_timer.o(.data)
    .data                                    0x200000bd   Section        1  init.o(.data)
    .data                                    0x200000c0   Section       30  ringbuffer.o(.data)
    ptint_buf                                0x200000c0   Data           1  ringbuffer.o(.data)
    pbuf                                     0x200000c4   Data           8  ringbuffer.o(.data)
    top                                      0x200000cc   Data           4  ringbuffer.o(.data)
    bottom                                   0x200000d0   Data           4  ringbuffer.o(.data)
    Size                                     0x200000d4   Data           8  ringbuffer.o(.data)
    status                                   0x200000dc   Data           2  ringbuffer.o(.data)
    .data                                    0x200000e0   Section       15  stm32f10x_it.o(.data)
    uart_rx_timeout                          0x200000e0   Data           4  stm32f10x_it.o(.data)
    flag_uart_rxing                          0x200000e4   Data           1  stm32f10x_it.o(.data)
    uart_status                              0x200000e5   Data           1  stm32f10x_it.o(.data)
    uart_json_nesting_num                    0x200000e6   Data           1  stm32f10x_it.o(.data)
    uart_rx_cnt                              0x200000ec   Data           2  stm32f10x_it.o(.data)
    skip                                     0x200000ee   Data           1  stm32f10x_it.o(.data)
    .data                                    0x200000ef   Section        8  version.o(.data)
    .data                                    0x200000f7   Section        4  whitelist.o(.data)
    .data                                    0x200000fc   Section       12  cjson.o(.data)
    global_ep                                0x200000fc   Data           4  cjson.o(.data)
    cJSON_malloc                             0x20000100   Data           4  cjson.o(.data)
    cJSON_free                               0x20000104   Data           4  cjson.o(.data)
    .data                                    0x20000108   Section        4  stdout.o(.data)
    .data                                    0x2000010c   Section        4  mvars.o(.data)
    .data                                    0x20000110   Section        4  mvars.o(.data)
    .data                                    0x20000114   Section        4  errno.o(.data)
    _errno                                   0x20000114   Data           4  errno.o(.data)
    .bss                                     0x20000118   Section      370  app_card_process.o(.bss)
    rID                                      0x2000025a   Data          24  app_card_process.o(.bss)
    wID                                      0x20000272   Data          24  app_card_process.o(.bss)
    .bss                                     0x2000028a   Section       28  app_send_data_process.o(.bss)
    .bss                                     0x200002a8   Section      304  app_timer.o(.bss)
    .bss                                     0x200003d8   Section     1013  init.o(.bss)
    .bss                                     0x200007cd   Section     3072  ringbuffer.o(.bss)
    spi_rbuf                                 0x200007cd   Data        3072  ringbuffer.o(.bss)
    .bss                                     0x200013cd   Section     4500  stm32f10x_it.o(.bss)
    .bss                                     0x20002564   Section     1500  whitelist.o(.bss)
    HEAP                                     0x20002b40   Section     2048  startup_stm32f10x_md.o(HEAP)
    STACK                                    0x20003340   Section     2048  startup_stm32f10x_md.o(STACK)

    Global Symbols

    Symbol Name                              Value     Ov Type        Size  Object(Section)

    BuildAttributes$$THM_ISAv4$P$D$K$B$S$PE$A:L22UL41UL21$X:L11$S22US41US21$IEEE1$IW$USESV6$~STKCKD$USESV7$~SHL$OTIME$ROPI$IEEEJ$EBA8$MICROLIB$REQ8$PRES8$EABIv2 0x00000000   Number         0  anon$$obj.o ABSOLUTE
    __ARM_use_no_argv                        0x00000000   Number         0  main.o ABSOLUTE
    _printf_a                                0x00000000   Number         0  stubs.o ABSOLUTE
    _printf_c                                0x00000000   Number         0  stubs.o ABSOLUTE
    _printf_charcount                        0x00000000   Number         0  stubs.o ABSOLUTE
    _printf_d                                0x00000000   Number         0  stubs.o ABSOLUTE
    _printf_e                                0x00000000   Number         0  stubs.o ABSOLUTE
    _printf_f                                0x00000000   Number         0  stubs.o ABSOLUTE
    _printf_flags                            0x00000000   Number         0  stubs.o ABSOLUTE
    _printf_fp_dec                           0x00000000   Number         0  stubs.o ABSOLUTE
    _printf_fp_hex                           0x00000000   Number         0  stubs.o ABSOLUTE
    _printf_g                                0x00000000   Number         0  stubs.o ABSOLUTE
    _printf_i                                0x00000000   Number         0  stubs.o ABSOLUTE
    _printf_int_dec                          0x00000000   Number         0  stubs.o ABSOLUTE
    _printf_l                                0x00000000   Number         0  stubs.o ABSOLUTE
    _printf_lc                               0x00000000   Number         0  stubs.o ABSOLUTE
    _printf_ll                               0x00000000   Number         0  stubs.o ABSOLUTE
    _printf_lld                              0x00000000   Number         0  stubs.o ABSOLUTE
    _printf_lli                              0x00000000   Number         0  stubs.o ABSOLUTE
    _printf_llo                              0x00000000   Number         0  stubs.o ABSOLUTE
    _printf_llu                              0x00000000   Number         0  stubs.o ABSOLUTE
    _printf_llx                              0x00000000   Number         0  stubs.o ABSOLUTE
    _printf_longlong_dec                     0x00000000   Number         0  stubs.o ABSOLUTE
    _printf_longlong_hex                     0x00000000   Number         0  stubs.o ABSOLUTE
    _printf_longlong_oct                     0x00000000   Number         0  stubs.o ABSOLUTE
    _printf_ls                               0x00000000   Number         0  stubs.o ABSOLUTE
    _printf_mbtowc                           0x00000000   Number         0  stubs.o ABSOLUTE
    _printf_n                                0x00000000   Number         0  stubs.o ABSOLUTE
    _printf_o                                0x00000000   Number         0  stubs.o ABSOLUTE
    _printf_p                                0x00000000   Number         0  stubs.o ABSOLUTE
    _printf_percent                          0x00000000   Number         0  stubs.o ABSOLUTE
    _printf_pre_padding                      0x00000000   Number         0  stubs.o ABSOLUTE
    _printf_return_value                     0x00000000   Number         0  stubs.o ABSOLUTE
    _printf_s                                0x00000000   Number         0  stubs.o ABSOLUTE
    _printf_sizespec                         0x00000000   Number         0  stubs.o ABSOLUTE
    _printf_str                              0x00000000   Number         0  stubs.o ABSOLUTE
    _printf_truncate_signed                  0x00000000   Number         0  stubs.o ABSOLUTE
    _printf_truncate_unsigned                0x00000000   Number         0  stubs.o ABSOLUTE
    _printf_u                                0x00000000   Number         0  stubs.o ABSOLUTE
    _printf_wc                               0x00000000   Number         0  stubs.o ABSOLUTE
    _printf_wctomb                           0x00000000   Number         0  stubs.o ABSOLUTE
    _printf_widthprec                        0x00000000   Number         0  stubs.o ABSOLUTE
    _printf_x                                0x00000000   Number         0  stubs.o ABSOLUTE
    __cpp_initialize__aeabi_                  - Undefined Weak Reference
    __cxa_finalize                            - Undefined Weak Reference
    __decompress                              - Undefined Weak Reference
    _clock_init                               - Undefined Weak Reference
    _microlib_exit                            - Undefined Weak Reference
    __Vectors_Size                           0x000000ec   Number         0  startup_stm32f10x_md.o ABSOLUTE
    __Vectors                                0x08004000   Data           4  startup_stm32f10x_md.o(RESET)
    __Vectors_End                            0x080040ec   Data           0  startup_stm32f10x_md.o(RESET)
    __main                                   0x080040ed   Thumb Code     0  entry.o(.ARM.Collect$$$$00000000)
    _main_stk                                0x080040ed   Thumb Code     0  entry2.o(.ARM.Collect$$$$00000001)
    _main_scatterload                        0x080040f1   Thumb Code     0  entry5.o(.ARM.Collect$$$$00000004)
    __main_after_scatterload                 0x080040f5   Thumb Code     0  entry5.o(.ARM.Collect$$$$00000004)
    _main_clock                              0x080040f5   Thumb Code     0  entry7b.o(.ARM.Collect$$$$00000008)
    _main_cpp_init                           0x080040f5   Thumb Code     0  entry8b.o(.ARM.Collect$$$$0000000A)
    _main_init                               0x080040f5   Thumb Code     0  entry9a.o(.ARM.Collect$$$$0000000B)
    __rt_final_cpp                           0x080040fd   Thumb Code     0  entry10a.o(.ARM.Collect$$$$0000000D)
    __rt_final_exit                          0x080040fd   Thumb Code     0  entry11a.o(.ARM.Collect$$$$0000000F)
    GenerateSystemReset                      0x08004101   Thumb Code     0  stm32f10x_it.o(.emb_text)
    Reset_Handler                            0x08004101   Thumb Code     8  startup_stm32f10x_md.o(.text)
    ADC1_2_IRQHandler                        0x0800411b   Thumb Code     0  startup_stm32f10x_md.o(.text)
    CAN1_RX1_IRQHandler                      0x0800411b   Thumb Code     0  startup_stm32f10x_md.o(.text)
    CAN1_SCE_IRQHandler                      0x0800411b   Thumb Code     0  startup_stm32f10x_md.o(.text)
    DMA1_Channel1_IRQHandler                 0x0800411b   Thumb Code     0  startup_stm32f10x_md.o(.text)
    DMA1_Channel2_IRQHandler                 0x0800411b   Thumb Code     0  startup_stm32f10x_md.o(.text)
    DMA1_Channel3_IRQHandler                 0x0800411b   Thumb Code     0  startup_stm32f10x_md.o(.text)
    DMA1_Channel4_IRQHandler                 0x0800411b   Thumb Code     0  startup_stm32f10x_md.o(.text)
    DMA1_Channel5_IRQHandler                 0x0800411b   Thumb Code     0  startup_stm32f10x_md.o(.text)
    DMA1_Channel6_IRQHandler                 0x0800411b   Thumb Code     0  startup_stm32f10x_md.o(.text)
    DMA1_Channel7_IRQHandler                 0x0800411b   Thumb Code     0  startup_stm32f10x_md.o(.text)
    EXTI0_IRQHandler                         0x0800411b   Thumb Code     0  startup_stm32f10x_md.o(.text)
    EXTI15_10_IRQHandler                     0x0800411b   Thumb Code     0  startup_stm32f10x_md.o(.text)
    EXTI1_IRQHandler                         0x0800411b   Thumb Code     0  startup_stm32f10x_md.o(.text)
    EXTI2_IRQHandler                         0x0800411b   Thumb Code     0  startup_stm32f10x_md.o(.text)
    EXTI3_IRQHandler                         0x0800411b   Thumb Code     0  startup_stm32f10x_md.o(.text)
    EXTI4_IRQHandler                         0x0800411b   Thumb Code     0  startup_stm32f10x_md.o(.text)
    FLASH_IRQHandler                         0x0800411b   Thumb Code     0  startup_stm32f10x_md.o(.text)
    I2C1_ER_IRQHandler                       0x0800411b   Thumb Code     0  startup_stm32f10x_md.o(.text)
    I2C1_EV_IRQHandler                       0x0800411b   Thumb Code     0  startup_stm32f10x_md.o(.text)
    I2C2_ER_IRQHandler                       0x0800411b   Thumb Code     0  startup_stm32f10x_md.o(.text)
    I2C2_EV_IRQHandler                       0x0800411b   Thumb Code     0  startup_stm32f10x_md.o(.text)
    PVD_IRQHandler                           0x0800411b   Thumb Code     0  startup_stm32f10x_md.o(.text)
    RCC_IRQHandler                           0x0800411b   Thumb Code     0  startup_stm32f10x_md.o(.text)
    RTCAlarm_IRQHandler                      0x0800411b   Thumb Code     0  startup_stm32f10x_md.o(.text)
    RTC_IRQHandler                           0x0800411b   Thumb Code     0  startup_stm32f10x_md.o(.text)
    SPI1_IRQHandler                          0x0800411b   Thumb Code     0  startup_stm32f10x_md.o(.text)
    SPI2_IRQHandler                          0x0800411b   Thumb Code     0  startup_stm32f10x_md.o(.text)
    TAMPER_IRQHandler                        0x0800411b   Thumb Code     0  startup_stm32f10x_md.o(.text)
    TIM1_BRK_IRQHandler                      0x0800411b   Thumb Code     0  startup_stm32f10x_md.o(.text)
    TIM1_CC_IRQHandler                       0x0800411b   Thumb Code     0  startup_stm32f10x_md.o(.text)
    TIM1_TRG_COM_IRQHandler                  0x0800411b   Thumb Code     0  startup_stm32f10x_md.o(.text)
    TIM1_UP_IRQHandler                       0x0800411b   Thumb Code     0  startup_stm32f10x_md.o(.text)
    TIM2_IRQHandler                          0x0800411b   Thumb Code     0  startup_stm32f10x_md.o(.text)
    TIM3_IRQHandler                          0x0800411b   Thumb Code     0  startup_stm32f10x_md.o(.text)
    TIM4_IRQHandler                          0x0800411b   Thumb Code     0  startup_stm32f10x_md.o(.text)
    USART2_IRQHandler                        0x0800411b   Thumb Code     0  startup_stm32f10x_md.o(.text)
    USART3_IRQHandler                        0x0800411b   Thumb Code     0  startup_stm32f10x_md.o(.text)
    USBWakeUp_IRQHandler                     0x0800411b   Thumb Code     0  startup_stm32f10x_md.o(.text)
    USB_HP_CAN1_TX_IRQHandler                0x0800411b   Thumb Code     0  startup_stm32f10x_md.o(.text)
    USB_LP_CAN1_RX0_IRQHandler               0x0800411b   Thumb Code     0  startup_stm32f10x_md.o(.text)
    WWDG_IRQHandler                          0x0800411b   Thumb Code     0  startup_stm32f10x_md.o(.text)
    tolower                                  0x08004125   Thumb Code    12  tolower.o(.text)
    __aeabi_memcpy                           0x08004131   Thumb Code    36  memcpya.o(.text)
    __aeabi_memcpy4                          0x08004131   Thumb Code     0  memcpya.o(.text)
    __aeabi_memcpy8                          0x08004131   Thumb Code     0  memcpya.o(.text)
    __aeabi_memset                           0x08004155   Thumb Code    14  memseta.o(.text)
    __aeabi_memset4                          0x08004155   Thumb Code     0  memseta.o(.text)
    __aeabi_memset8                          0x08004155   Thumb Code     0  memseta.o(.text)
    __aeabi_memclr                           0x08004163   Thumb Code     4  memseta.o(.text)
    __aeabi_memclr4                          0x08004163   Thumb Code     0  memseta.o(.text)
    __aeabi_memclr8                          0x08004163   Thumb Code     0  memseta.o(.text)
    _memset$wrapper                          0x08004167   Thumb Code    18  memseta.o(.text)
    strncmp                                  0x08004179   Thumb Code    30  strncmp.o(.text)
    atoi                                     0x08004197   Thumb Code    26  atoi.o(.text)
    __aeabi_dadd                             0x080041b1   Thumb Code   322  dadd.o(.text)
    __aeabi_dsub                             0x080042f3   Thumb Code     6  dadd.o(.text)
    __aeabi_drsub                            0x080042f9   Thumb Code     6  dadd.o(.text)
    __aeabi_dmul                             0x080042ff   Thumb Code   228  dmul.o(.text)
    __aeabi_d2iz                             0x080043e3   Thumb Code    62  dfixi.o(.text)
    __aeabi_cdcmpeq                          0x08004421   Thumb Code     0  cdcmple.o(.text)
    __aeabi_cdcmple                          0x08004421   Thumb Code    48  cdcmple.o(.text)
    __aeabi_cdrcmple                         0x08004451   Thumb Code    48  cdrcmple.o(.text)
    __aeabi_uidiv                            0x08004481   Thumb Code     0  uidiv.o(.text)
    __aeabi_uidivmod                         0x08004481   Thumb Code    44  uidiv.o(.text)
    __aeabi_uldivmod                         0x080044ad   Thumb Code    98  uldiv.o(.text)
    __aeabi_llsl                             0x0800450f   Thumb Code    30  llshl.o(.text)
    _ll_shift_l                              0x0800450f   Thumb Code     0  llshl.o(.text)
    __aeabi_llsr                             0x0800452d   Thumb Code    32  llushr.o(.text)
    _ll_ushift_r                             0x0800452d   Thumb Code     0  llushr.o(.text)
    __aeabi_lasr                             0x0800454d   Thumb Code    36  llsshr.o(.text)
    _ll_sshift_r                             0x0800454d   Thumb Code     0  llsshr.o(.text)
    __strtod_int                             0x080045a7   Thumb Code    88  strtod.o(.text)
    strtol                                   0x0800460d   Thumb Code   112  strtol.o(.text)
    __I$use$fp                               0x0800467d   Thumb Code     0  iusefp.o(.text)
    _double_round                            0x0800467d   Thumb Code    30  depilogue.o(.text)
    _double_epilogue                         0x0800469b   Thumb Code   156  depilogue.o(.text)
    __aeabi_ddiv                             0x08004737   Thumb Code   222  ddiv.o(.text)
    __aeabi_d2ulz                            0x08004815   Thumb Code    48  dfixul.o(.text)
    __scatterload                            0x08004845   Thumb Code    28  init.o(.text)
    __scatterload_rt2                        0x08004845   Thumb Code     0  init.o(.text)
    __rt_ctype_table                         0x08004869   Thumb Code     4  ctype_o.o(.text)
    isspace                                  0x08004871   Thumb Code    18  isspace_o.o(.text)
    _scanf_real                              0x08004985   Thumb Code     0  scanf_fp.o(.text)
    _scanf_really_real                       0x08004985   Thumb Code   556  scanf_fp.o(.text)
    _sgetc                                   0x08004bbd   Thumb Code    30  _sgetc.o(.text)
    _sbackspace                              0x08004bdb   Thumb Code    34  _sgetc.o(.text)
    _strtoul                                 0x08004bfd   Thumb Code   158  _strtoul.o(.text)
    _chval                                   0x08004c9b   Thumb Code    28  _chval.o(.text)
    __aeabi_ul2d                             0x08004cb7   Thumb Code    24  dfltul.o(.text)
    __aeabi_d2f                              0x08004ccf   Thumb Code    56  d2f.o(.text)
    _float_round                             0x08004d07   Thumb Code    18  fepilogue.o(.text)
    _float_epilogue                          0x08004d19   Thumb Code    92  fepilogue.o(.text)
    App_card_process                         0x08004d75   Thumb Code   474  app_card_process.o(i.App_card_process)
    App_clickers_send_data_process           0x08004fd9   Thumb Code    66  app_send_data_process.o(i.App_clickers_send_data_process)
    App_retransmit_data                      0x08005025   Thumb Code   114  app_send_data_process.o(i.App_retransmit_data)
    App_seirial_cmd_process                  0x080050a1   Thumb Code     8  app_serial_cmd_process.o(i.App_seirial_cmd_process)
    BusFault_Handler                         0x080050a9   Thumb Code     8  stm32f10x_it.o(i.BusFault_Handler)
    ClearBitMask                             0x080050b1   Thumb Code    28  mfrc500_hw.o(i.ClearBitMask)
    DebugMon_Handler                         0x080050cd   Thumb Code     2  stm32f10x_it.o(i.DebugMon_Handler)
    Delay10us                                0x080050cf   Thumb Code    28  app_timer.o(i.Delay10us)
    Delay3us                                 0x080050eb   Thumb Code    16  app_timer.o(i.Delay3us)
    DelayMs                                  0x080050fd   Thumb Code    20  app_timer.o(i.DelayMs)
    Deselect                                 0x08005115   Thumb Code    60  mfrc500.o(i.Deselect)
    EE_ReadVariable                          0x08005319   Thumb Code    92  eeprom.o(i.EE_ReadVariable)
    EE_WriteVariable                         0x080053e1   Thumb Code    36  eeprom.o(i.EE_WriteVariable)
    EXTI9_5_IRQHandler                       0x08005405   Thumb Code   142  stm32f10x_it.o(i.EXTI9_5_IRQHandler)
    EXTI_ClearITPendingBit                   0x080054a1   Thumb Code     6  stm32f10x_exti.o(i.EXTI_ClearITPendingBit)
    EXTI_GetITStatus                         0x080054ad   Thumb Code    34  stm32f10x_exti.o(i.EXTI_GetITStatus)
    EXTI_Init                                0x080054d5   Thumb Code   142  stm32f10x_exti.o(i.EXTI_Init)
    FLASH_ErasePage                          0x08005569   Thumb Code    72  stm32f10x_flash.o(i.FLASH_ErasePage)
    FLASH_GetBank1Status                     0x080055b5   Thumb Code    48  stm32f10x_flash.o(i.FLASH_GetBank1Status)
    FLASH_ProgramHalfWord                    0x080055e9   Thumb Code    60  stm32f10x_flash.o(i.FLASH_ProgramHalfWord)
    FLASH_Unlock                             0x08005629   Thumb Code    12  stm32f10x_flash.o(i.FLASH_Unlock)
    FLASH_WaitForLastOperation               0x08005641   Thumb Code    38  stm32f10x_flash.o(i.FLASH_WaitForLastOperation)
    Fee_Init                                 0x08005669   Thumb Code   106  eeprom.o(i.Fee_Init)
    Fee_InitPage                             0x080056d9   Thumb Code   556  eeprom.o(i.Fee_InitPage)
    GPIOInit_BEEP                            0x0800590d   Thumb Code    30  gpio.o(i.GPIOInit_BEEP)
    GPIO_EXTILineConfig                      0x08005931   Thumb Code    60  stm32f10x_gpio.o(i.GPIO_EXTILineConfig)
    GPIO_Init                                0x08005971   Thumb Code   278  stm32f10x_gpio.o(i.GPIO_Init)
    GPIO_PinRemapConfig                      0x08005a89   Thumb Code   138  stm32f10x_gpio.o(i.GPIO_PinRemapConfig)
    GPIO_ResetBits                           0x08005b19   Thumb Code     4  stm32f10x_gpio.o(i.GPIO_ResetBits)
    GPIO_SetBits                             0x08005b1d   Thumb Code     4  stm32f10x_gpio.o(i.GPIO_SetBits)
    GPIO_WriteBit                            0x08005b21   Thumb Code    10  stm32f10x_gpio.o(i.GPIO_WriteBit)
    GpioInit                                 0x08005b2b   Thumb Code    20  gpio.o(i.GpioInit)
    HardFault_Handler                        0x08005b3f   Thumb Code     8  stm32f10x_it.o(i.HardFault_Handler)
    IWDG_Configuration                       0x08005b47   Thumb Code    34  app_timer.o(i.IWDG_Configuration)
    IWDG_Enable                              0x08005b69   Thumb Code    10  stm32f10x_iwdg.o(i.IWDG_Enable)
    IWDG_ReloadCounter                       0x08005b79   Thumb Code    10  stm32f10x_iwdg.o(i.IWDG_ReloadCounter)
    IWDG_SetPrescaler                        0x08005b89   Thumb Code     6  stm32f10x_iwdg.o(i.IWDG_SetPrescaler)
    IWDG_SetReload                           0x08005b95   Thumb Code     6  stm32f10x_iwdg.o(i.IWDG_SetReload)
    IWDG_WriteAccessCmd                      0x08005ba1   Thumb Code     6  stm32f10x_iwdg.o(i.IWDG_WriteAccessCmd)
    MRC500_DEBUG_END                         0x08005bad   Thumb Code     2  mfrc500_hw.o(i.MRC500_DEBUG_END)
    MRC500_DEBUG_START                       0x08005baf   Thumb Code     2  mfrc500_hw.o(i.MRC500_DEBUG_START)
    MemManage_Handler                        0x08005bb1   Thumb Code     8  stm32f10x_it.o(i.MemManage_Handler)
    NMI_Handler                              0x08005bb9   Thumb Code     8  stm32f10x_it.o(i.NMI_Handler)
    NVIC_Init                                0x08005bc1   Thumb Code   100  misc.o(i.NVIC_Init)
    NVIC_PriorityGroupConfig                 0x08005c31   Thumb Code    10  misc.o(i.NVIC_PriorityGroupConfig)
    NVIC_SetVectorTable                      0x08005c45   Thumb Code    12  misc.o(i.NVIC_SetVectorTable)
    Parse_time_to_str                        0x08005c59   Thumb Code   220  app_send_data_process.o(i.Parse_time_to_str)
    PcdAntennaOff                            0x08005d51   Thumb Code    12  mfrc500_hw.o(i.PcdAntennaOff)
    PcdAntennaOn                             0x08005d5d   Thumb Code    12  mfrc500_hw.o(i.PcdAntennaOn)
    PcdAnticoll                              0x08005d69   Thumb Code   168  mfrc500_ios14443.o(i.PcdAnticoll)
    PcdComTransceive                         0x08005e11   Thumb Code   466  mfrc500_hw.o(i.PcdComTransceive)
    PcdDeselect                              0x08005fe3   Thumb Code    92  mfrc500_ios14443.o(i.PcdDeselect)
    PcdHalt                                  0x0800603f   Thumb Code    68  mfrc500_ios14443.o(i.PcdHalt)
    PcdRequest                               0x08006083   Thumb Code   108  mfrc500_ios14443.o(i.PcdRequest)
    PcdSelect1                               0x080060ef   Thumb Code   136  mfrc500_ios14443.o(i.PcdSelect1)
    PcdSelect2                               0x08006177   Thumb Code   136  mfrc500_ios14443.o(i.PcdSelect2)
    PcdSetTmo                                0x080061ff   Thumb Code   124  mfrc500_hw.o(i.PcdSetTmo)
    PendSV_Handler                           0x0800627b   Thumb Code     2  stm32f10x_it.o(i.PendSV_Handler)
    Platform_Init                            0x0800627d   Thumb Code   156  init.o(i.Platform_Init)
    RCC_AHBPeriphClockCmd                    0x0800636d   Thumb Code    26  stm32f10x_rcc.o(i.RCC_AHBPeriphClockCmd)
    RCC_APB1PeriphClockCmd                   0x0800638d   Thumb Code    26  stm32f10x_rcc.o(i.RCC_APB1PeriphClockCmd)
    RCC_APB2PeriphClockCmd                   0x080063ad   Thumb Code    26  stm32f10x_rcc.o(i.RCC_APB2PeriphClockCmd)
    RCC_ClockSecuritySystemCmd               0x080063cd   Thumb Code     6  stm32f10x_rcc.o(i.RCC_ClockSecuritySystemCmd)
    RCC_DeInit                               0x080063d9   Thumb Code    64  stm32f10x_rcc.o(i.RCC_DeInit)
    RCC_GetClocksFreq                        0x08006425   Thumb Code   192  stm32f10x_rcc.o(i.RCC_GetClocksFreq)
    RCC_GetFlagStatus                        0x080064fd   Thumb Code    56  stm32f10x_rcc.o(i.RCC_GetFlagStatus)
    RCC_GetSYSCLKSource                      0x08006539   Thumb Code    10  stm32f10x_rcc.o(i.RCC_GetSYSCLKSource)
    RCC_HCLKConfig                           0x08006549   Thumb Code    18  stm32f10x_rcc.o(i.RCC_HCLKConfig)
    RCC_HSICmd                               0x08006561   Thumb Code     6  stm32f10x_rcc.o(i.RCC_HSICmd)
    RCC_PCLK1Config                          0x0800656d   Thumb Code    18  stm32f10x_rcc.o(i.RCC_PCLK1Config)
    RCC_PCLK2Config                          0x08006585   Thumb Code    20  stm32f10x_rcc.o(i.RCC_PCLK2Config)
    RCC_PLLCmd                               0x0800659d   Thumb Code     6  stm32f10x_rcc.o(i.RCC_PLLCmd)
    RCC_PLLConfig                            0x080065a9   Thumb Code    24  stm32f10x_rcc.o(i.RCC_PLLConfig)
    RCC_SYSCLKConfig                         0x080065c5   Thumb Code    18  stm32f10x_rcc.o(i.RCC_SYSCLKConfig)
    ReadRC                                   0x080065dd   Thumb Code   330  mfrc500_hw.o(i.ReadRC)
    SPI_Cmd                                  0x08006741   Thumb Code    24  stm32f10x_spi.o(i.SPI_Cmd)
    SPI_I2S_GetFlagStatus                    0x08006759   Thumb Code    18  stm32f10x_spi.o(i.SPI_I2S_GetFlagStatus)
    SPI_I2S_ReceiveData                      0x0800676b   Thumb Code     6  stm32f10x_spi.o(i.SPI_I2S_ReceiveData)
    SPI_I2S_SendData                         0x08006771   Thumb Code     4  stm32f10x_spi.o(i.SPI_I2S_SendData)
    SPI_Init                                 0x08006775   Thumb Code    60  stm32f10x_spi.o(i.SPI_Init)
    SPI_NRF_RW                               0x080067b1   Thumb Code    50  nrf.o(i.SPI_NRF_RW)
    SPI_NRF_ReadReg                          0x080067e9   Thumb Code    36  nrf.o(i.SPI_NRF_ReadReg)
    SPI_NRF_WriteReg                         0x08006811   Thumb Code    38  nrf.o(i.SPI_NRF_WriteReg)
    SVC_Handler                              0x0800683d   Thumb Code     2  stm32f10x_it.o(i.SVC_Handler)
    SetBitMask                               0x0800683f   Thumb Code    28  mfrc500_hw.o(i.SetBitMask)
    SysClockInit                             0x080069c5   Thumb Code   210  app_timer.o(i.SysClockInit)
    SysTick_Handler                          0x08006aa5   Thumb Code    74  stm32f10x_it.o(i.SysTick_Handler)
    SystemCoreClockUpdate                    0x08006b09   Thumb Code   142  system_stm32f10x.o(i.SystemCoreClockUpdate)
    SystemInit                               0x08006bb1   Thumb Code    84  system_stm32f10x.o(i.SystemInit)
    Timer_list_handler                       0x08006c15   Thumb Code   134  app_timer.o(i.Timer_list_handler)
    TimingDelay_Decrement                    0x08006ca1   Thumb Code    28  app_timer.o(i.TimingDelay_Decrement)
    USART1_IRQHandler                        0x08006cc5   Thumb Code    82  stm32f10x_it.o(i.USART1_IRQHandler)
    USART_Cmd                                0x08006d21   Thumb Code    24  stm32f10x_usart.o(i.USART_Cmd)
    USART_GetFlagStatus                      0x08006d39   Thumb Code    26  stm32f10x_usart.o(i.USART_GetFlagStatus)
    USART_GetITStatus                        0x08006d53   Thumb Code    84  stm32f10x_usart.o(i.USART_GetITStatus)
    USART_ITConfig                           0x08006da7   Thumb Code    74  stm32f10x_usart.o(i.USART_ITConfig)
    USART_Init                               0x08006df1   Thumb Code   210  stm32f10x_usart.o(i.USART_Init)
    USART_ReceiveData                        0x08006ec9   Thumb Code    10  stm32f10x_usart.o(i.USART_ReceiveData)
    USART_SendData                           0x08006ed3   Thumb Code     8  stm32f10x_usart.o(i.USART_SendData)
    UsageFault_Handler                       0x08006edb   Thumb Code     4  stm32f10x_it.o(i.UsageFault_Handler)
    Usart1_Init                              0x08006ee1   Thumb Code   156  init.o(i.Usart1_Init)
    WriteRC                                  0x08006f89   Thumb Code   202  mfrc500_hw.o(i.WriteRC)
    XOR_Cal                                  0x08007061   Thumb Code    26  baord.o(i.XOR_Cal)
    __0printf                                0x0800707d   Thumb Code    22  printfa.o(i.__0printf)
    __1printf                                0x0800707d   Thumb Code     0  printfa.o(i.__0printf)
    __2printf                                0x0800707d   Thumb Code     0  printfa.o(i.__0printf)
    __c89printf                              0x0800707d   Thumb Code     0  printfa.o(i.__0printf)
    printf                                   0x0800707d   Thumb Code     0  printfa.o(i.__0printf)
    __0sprintf                               0x0800709d   Thumb Code    34  printfa.o(i.__0sprintf)
    __1sprintf                               0x0800709d   Thumb Code     0  printfa.o(i.__0sprintf)
    __2sprintf                               0x0800709d   Thumb Code     0  printfa.o(i.__0sprintf)
    __c89sprintf                             0x0800709d   Thumb Code     0  printfa.o(i.__0sprintf)
    sprintf                                  0x0800709d   Thumb Code     0  printfa.o(i.__0sprintf)
    __0vsprintf                              0x080070c5   Thumb Code    30  printfa.o(i.__0vsprintf)
    __1vsprintf                              0x080070c5   Thumb Code     0  printfa.o(i.__0vsprintf)
    __2vsprintf                              0x080070c5   Thumb Code     0  printfa.o(i.__0vsprintf)
    __c89vsprintf                            0x080070c5   Thumb Code     0  printfa.o(i.__0vsprintf)
    vsprintf                                 0x080070c5   Thumb Code     0  printfa.o(i.__0vsprintf)
    __aeabi_errno_addr                       0x080070e9   Thumb Code     4  errno.o(i.__aeabi_errno_addr)
    __rt_errno_addr                          0x080070e9   Thumb Code     0  errno.o(i.__aeabi_errno_addr)
    __scatterload_copy                       0x080070f1   Thumb Code    14  handlers.o(i.__scatterload_copy)
    __scatterload_null                       0x080070ff   Thumb Code     2  handlers.o(i.__scatterload_null)
    __scatterload_zeroinit                   0x08007101   Thumb Code    14  handlers.o(i.__scatterload_zeroinit)
    _is_digit                                0x08007279   Thumb Code    14  scanf_fp.o(i._is_digit)
    app_handle_layer                         0x080079c1   Thumb Code    16  app_handle_layer.o(i.app_handle_layer)
    b_print                                  0x080079d1   Thumb Code   130  app_show_message_process.o(i.b_print)
    buffer_get_buffer_status                 0x08007a5d   Thumb Code     8  ringbuffer.o(i.buffer_get_buffer_status)
    cJSON_Delete                             0x08007a69   Thumb Code    84  cjson.o(i.cJSON_Delete)
    cJSON_GetObjectItem                      0x08007ac1   Thumb Code    38  cjson.o(i.cJSON_GetObjectItem)
    cJSON_Parse                              0x08007b09   Thumb Code    16  cjson.o(i.cJSON_Parse)
    cJSON_ParseWithOpts                      0x08007b19   Thumb Code   108  cjson.o(i.cJSON_ParseWithOpts)
    card_timer_init                          0x08007bd5   Thumb Code    46  app_card_process.o(i.card_timer_init)
    clear_index_of_white_list_pos            0x08007c15   Thumb Code   106  whitelist.o(i.clear_index_of_white_list_pos)
    clicker_config_default_set               0x08007c89   Thumb Code   142  whitelist.o(i.clicker_config_default_set)
    delay                                    0x08007d1d   Thumb Code    26  nrf.o(i.delay)
    exchange_json_format                     0x08007d37   Thumb Code    26  app_serial_cmd_process.o(i.exchange_json_format)
    flash_white_list_use_table               0x08007d51   Thumb Code    30  whitelist.o(i.flash_white_list_use_table)
    fputc                                    0x08007d75   Thumb Code    32  baord.o(i.fputc)
    free                                     0x08007d99   Thumb Code    76  malloc.o(i.free)
    get_index_of_uid                         0x08007e25   Thumb Code    44  whitelist.o(i.get_index_of_uid)
    get_index_of_white_list_pos_status       0x08007e55   Thumb Code    58  whitelist.o(i.get_index_of_white_list_pos_status)
    get_mcu_uid                              0x08007e95   Thumb Code   202  version.o(i.get_mcu_uid)
    get_send_data_status                     0x08007f71   Thumb Code     6  app_send_data_process.o(i.get_send_data_status)
    get_white_list_from_flash                0x08007f7d   Thumb Code   266  whitelist.o(i.get_white_list_from_flash)
    ledInit                                  0x080080c9   Thumb Code    52  gpio.o(i.ledInit)
    ledOff                                   0x08008109   Thumb Code    46  gpio.o(i.ledOff)
    ledOn                                    0x08008141   Thumb Code    46  gpio.o(i.ledOn)
    ledToggle                                0x08008179   Thumb Code    26  gpio.o(i.ledToggle)
    main                                     0x0800819d   Thumb Code    12  main.o(i.main)
    malloc                                   0x080081a9   Thumb Code    92  malloc.o(i.malloc)
    mfrc500_gpio_init                        0x08008215   Thumb Code   246  mfrc500_hw.o(i.mfrc500_gpio_init)
    mfrc500_init                             0x0800831d   Thumb Code   234  mfrc500_hw.o(i.mfrc500_init)
    nrf1_spi_init                            0x0800840d   Thumb Code   324  nrf.o(i.nrf1_spi_init)
    nrf2_spi_init                            0x0800855d   Thumb Code   258  nrf.o(i.nrf2_spi_init)
    nrf51822_spi_init                        0x08008669   Thumb Code    12  nrf.o(i.nrf51822_spi_init)
    nrf_transmit_start                       0x08008675   Thumb Code     2  nrf.o(i.nrf_transmit_start)
    pre_wr_data                              0x08008c21   Thumb Code   102  nrf.o(i.pre_wr_data)
    rd_data_before_wr1                       0x08008c89   Thumb Code   244  nrf.o(i.rd_data_before_wr1)
    retransmit_2s_timer_callback             0x08008db9   Thumb Code     8  app_send_data_process.o(i.retransmit_2s_timer_callback)
    retransmit_500ms_timer_callback          0x08008dc5   Thumb Code    36  app_send_data_process.o(i.retransmit_500ms_timer_callback)
    rf_get_card_status                       0x08008df1   Thumb Code     6  app_card_process.o(i.rf_get_card_status)
    rf_set_card_status                       0x08008dfd   Thumb Code     6  app_card_process.o(i.rf_set_card_status)
    search_uid_in_white_list                 0x08008e09   Thumb Code    74  whitelist.o(i.search_uid_in_white_list)
    send_data_process_timer_init             0x08008e55   Thumb Code    82  app_send_data_process.o(i.send_data_process_timer_init)
    serial_cmd_find_card                     0x08008ec5   Thumb Code   108  app_serial_cmd_process.o(i.serial_cmd_find_card)
    serial_cmd_get_device_info               0x08008fb5   Thumb Code    74  app_serial_cmd_process.o(i.serial_cmd_get_device_info)
    serial_cmd_si24r2e_rd_wr_nvm             0x08009239   Thumb Code    38  app_serial_cmd_process.o(i.serial_cmd_si24r2e_rd_wr_nvm)
    set_index_of_white_list_pos              0x0800928d   Thumb Code   106  whitelist.o(i.set_index_of_white_list_pos)
    si24r2e_read_nvm                         0x08009301   Thumb Code   256  nrf.o(i.si24r2e_read_nvm)
    si24r2e_write_nvm                        0x08009451   Thumb Code    60  nrf.o(i.si24r2e_write_nvm)
    spi_process_revice_data                  0x080094b9   Thumb Code   180  app_send_data_process.o(i.spi_process_revice_data)
    spi_read_data_from_buffer                0x08009571   Thumb Code   122  ringbuffer.o(i.spi_read_data_from_buffer)
    spi_read_tx_payload                      0x080095f1   Thumb Code   502  init.o(i.spi_read_tx_payload)
    spi_set_cpu_rx_signal_ch                 0x08009881   Thumb Code   210  init.o(i.spi_set_cpu_rx_signal_ch)
    spi_wr_data                              0x0800995d   Thumb Code    48  nrf.o(i.spi_wr_data)
    spi_write_data_to_buffer                 0x08009991   Thumb Code    82  ringbuffer.o(i.spi_write_data_to_buffer)
    store_len_to_fee                         0x080099e9   Thumb Code    30  whitelist.o(i.store_len_to_fee)
    strtod                                   0x08009a07   Thumb Code    28  strtod.o(i.strtod)
    sw_clear_timer                           0x08009a25   Thumb Code    16  app_timer.o(i.sw_clear_timer)
    sw_create_timer                          0x08009a39   Thumb Code    42  app_timer.o(i.sw_create_timer)
    sw_get_cnt                               0x08009a69   Thumb Code     6  app_timer.o(i.sw_get_cnt)
    sw_get_status                            0x08009a6f   Thumb Code     8  app_timer.o(i.sw_get_status)
    sw_inc_cnt                               0x08009a77   Thumb Code     8  app_timer.o(i.sw_inc_cnt)
    sw_register_timer                        0x08009a81   Thumb Code    50  app_timer.o(i.sw_register_timer)
    sw_set_cnt                               0x08009ab9   Thumb Code     4  app_timer.o(i.sw_set_cnt)
    sw_set_sattus                            0x08009abd   Thumb Code     6  app_timer.o(i.sw_set_sattus)
    sw_timer_init                            0x08009ac5   Thumb Code    58  app_timer.o(i.sw_timer_init)
    sw_unregister_timer                      0x08009b21   Thumb Code    14  app_timer.o(i.sw_unregister_timer)
    system_timer_init                        0x08009b35   Thumb Code    50  app_timer.o(i.system_timer_init)
    systemtick_timeout_callback              0x08009b79   Thumb Code   100  app_timer.o(i.systemtick_timeout_callback)
    uart_revice_data_state_mechine           0x08009be5   Thumb Code   326  stm32f10x_it.o(i.uart_revice_data_state_mechine)
    uart_send_data_state_machine             0x08009d95   Thumb Code     2  stm32f10x_it.o(i.uart_send_data_state_machine)
    uidcmp                                   0x08009d97   Thumb Code    42  whitelist.o(i.uidcmp)
    whitelist_checktable_and                 0x0800a3c5   Thumb Code    52  app_send_data_process.o(i.whitelist_checktable_and)
    wr_data                                  0x0800a3fd   Thumb Code   222  nrf.o(i.wr_data)
    GPIO_PIN                                 0x0800a500   Data           8  gpio.o(.constdata)
    GPIO_CLK                                 0x0800a508   Data          16  gpio.o(.constdata)
    buf_size                                 0x0800a554   Data           8  ringbuffer.o(.constdata)
    __ctype_table                            0x0800a561   Data         129  ctype_o.o(.constdata)
    Region$$Table$$Base                      0x0800a634   Number         0  anon$$obj.o(Region$$Table)
    Region$$Table$$Limit                     0x0800a654   Number         0  anon$$obj.o(Region$$Table)
    SystemCoreClock                          0x20000000   Data           4  system_stm32f10x.o(.data)
    AHBPrescTable                            0x20000004   Data          16  system_stm32f10x.o(.data)
    DataVar                                  0x20000028   Data           2  eeprom.o(.data)
    GPIO_PORT                                0x2000002c   Data          16  gpio.o(.data)
    txbuf                                    0x2000003c   Data          52  nrf.o(.data)
    txbuf1                                   0x20000070   Data          52  nrf.o(.data)
    NDEF_Len                                 0x200000a6   Data           2  app_card_process.o(.data)
    json_read_index                          0x200000ae   Data           1  app_serial_cmd_process.o(.data)
    dtq_self_inspection_flg                  0x200000af   Data           1  app_serial_cmd_process.o(.data)
    logic_pac_add                            0x200000b0   Data           1  app_serial_cmd_process.o(.data)
    PowerOnTime                              0x200000b8   Data           4  app_timer.o(.data)
    system_timer_status                      0x200000bc   Data           1  app_timer.o(.data)
    gbf_hse_setup_fail                       0x200000bd   Data           1  init.o(.data)
    rjson_count                              0x200000e8   Data           2  stm32f10x_it.o(.data)
    rjson_index                              0x200000ea   Data           1  stm32f10x_it.o(.data)
    jsq_uid                                  0x200000ef   Data           8  version.o(.data)
    clicker_set                              0x200000f7   Data           4  whitelist.o(.data)
    __stdout                                 0x20000108   Data           4  stdout.o(.data)
    __microlib_freelist                      0x2000010c   Data           4  mvars.o(.data)
    __microlib_freelist_initialised          0x20000110   Data           4  mvars.o(.data)
    card_task                                0x20000118   Data          16  app_card_process.o(.bss)
    g_cardType                               0x20000128   Data          40  app_card_process.o(.bss)
    respon                                   0x20000150   Data         266  app_card_process.o(.bss)
    send_data_task                           0x2000028a   Data          16  app_send_data_process.o(.bss)
    send_data_process_tcb                    0x2000029a   Data          12  app_send_data_process.o(.bss)
    timer_list                               0x200002a8   Data         100  app_timer.o(.bss)
    retransmit_2s_timer                      0x2000030c   Data          24  app_timer.o(.bss)
    retransmit_500ms_timer                   0x20000324   Data          24  app_timer.o(.bss)
    system_timer                             0x2000033c   Data          24  app_timer.o(.bss)
    spi_send_data_timer                      0x20000354   Data          24  app_timer.o(.bss)
    spi_send_data_timer1                     0x2000036c   Data          24  app_timer.o(.bss)
    systick_package_timer                    0x20000384   Data          24  app_timer.o(.bss)
    card_buzzer_timer                        0x2000039c   Data          24  app_timer.o(.bss)
    card_second_find_timer                   0x200003b4   Data          24  app_timer.o(.bss)
    system_rtc_timer                         0x200003cc   Data          12  app_timer.o(.bss)
    spi_cmd_type                             0x200003d8   Data         261  init.o(.bss)
    nrf_data                                 0x200004dd   Data         510  init.o(.bss)
    rf_var                                   0x200006db   Data         242  init.o(.bss)
    uart_irq_revice_massage                  0x200013cd   Data        4500  stm32f10x_it.o(.bss)
    g_cSNR                                   0x20002564   Data          10  whitelist.o(.bss)
    list_tcb_table                           0x2000256e   Data         256  whitelist.o(.bss)
    wl                                       0x2000266e   Data        1214  whitelist.o(.bss)
    revicer                                  0x20002b2c   Data          20  whitelist.o(.bss)
    __heap_base                              0x20002b40   Data           0  startup_stm32f10x_md.o(HEAP)
    __heap_limit                             0x20003340   Data           0  startup_stm32f10x_md.o(HEAP)
    __initial_sp                             0x20003b40   Data           0  startup_stm32f10x_md.o(STACK)



==============================================================================

Memory Map of the image

  Image Entry point : 0x080040ed

  Load Region LR_IROM1 (Base: 0x08004000, Size: 0x0000676c, Max: 0x00020000, ABSOLUTE)

    Execution Region ER_IROM1 (Base: 0x08004000, Size: 0x00006654, Max: 0x00020000, ABSOLUTE)

    Base Addr    Size         Type   Attr      Idx    E Section Name        Object

    0x08004000   0x000000ec   Data   RO           80    RESET               startup_stm32f10x_md.o
    0x080040ec   0x00000000   Code   RO         5063  * .ARM.Collect$$$$00000000  mc_w.l(entry.o)
    0x080040ec   0x00000004   Code   RO         5395    .ARM.Collect$$$$00000001  mc_w.l(entry2.o)
    0x080040f0   0x00000004   Code   RO         5398    .ARM.Collect$$$$00000004  mc_w.l(entry5.o)
    0x080040f4   0x00000000   Code   RO         5400    .ARM.Collect$$$$00000008  mc_w.l(entry7b.o)
    0x080040f4   0x00000000   Code   RO         5402    .ARM.Collect$$$$0000000A  mc_w.l(entry8b.o)
    0x080040f4   0x00000008   Code   RO         5403    .ARM.Collect$$$$0000000B  mc_w.l(entry9a.o)
    0x080040fc   0x00000000   Code   RO         5405    .ARM.Collect$$$$0000000D  mc_w.l(entry10a.o)
    0x080040fc   0x00000000   Code   RO         5407    .ARM.Collect$$$$0000000F  mc_w.l(entry11a.o)
    0x080040fc   0x00000004   Code   RO         5396    .ARM.Collect$$$$00002712  mc_w.l(entry2.o)
    0x08004100   0x00000000   Code   RO         4302    .emb_text           stm32f10x_it.o
    0x08004100   0x00000024   Code   RO           81    .text               startup_stm32f10x_md.o
    0x08004124   0x0000000c   Code   RO         5066    .text               mc_w.l(tolower.o)
    0x08004130   0x00000024   Code   RO         5068    .text               mc_w.l(memcpya.o)
    0x08004154   0x00000024   Code   RO         5070    .text               mc_w.l(memseta.o)
    0x08004178   0x0000001e   Code   RO         5084    .text               mc_w.l(strncmp.o)
    0x08004196   0x0000001a   Code   RO         5379    .text               mc_w.l(atoi.o)
    0x080041b0   0x0000014e   Code   RO         5381    .text               mf_w.l(dadd.o)
    0x080042fe   0x000000e4   Code   RO         5383    .text               mf_w.l(dmul.o)
    0x080043e2   0x0000003e   Code   RO         5387    .text               mf_w.l(dfixi.o)
    0x08004420   0x00000030   Code   RO         5391    .text               mf_w.l(cdcmple.o)
    0x08004450   0x00000030   Code   RO         5393    .text               mf_w.l(cdrcmple.o)
    0x08004480   0x0000002c   Code   RO         5410    .text               mc_w.l(uidiv.o)
    0x080044ac   0x00000062   Code   RO         5412    .text               mc_w.l(uldiv.o)
    0x0800450e   0x0000001e   Code   RO         5414    .text               mc_w.l(llshl.o)
    0x0800452c   0x00000020   Code   RO         5416    .text               mc_w.l(llushr.o)
    0x0800454c   0x00000024   Code   RO         5418    .text               mc_w.l(llsshr.o)
    0x08004570   0x0000009c   Code   RO         5429    .text               mc_w.l(strtod.o)
    0x0800460c   0x00000070   Code   RO         5431    .text               mc_w.l(strtol.o)
    0x0800467c   0x00000000   Code   RO         5433    .text               mc_w.l(iusefp.o)
    0x0800467c   0x000000ba   Code   RO         5434    .text               mf_w.l(depilogue.o)
    0x08004736   0x000000de   Code   RO         5436    .text               mf_w.l(ddiv.o)
    0x08004814   0x00000030   Code   RO         5438    .text               mf_w.l(dfixul.o)
    0x08004844   0x00000024   Code   RO         5440    .text               mc_w.l(init.o)
    0x08004868   0x00000008   Code   RO         5444    .text               mc_w.l(ctype_o.o)
    0x08004870   0x00000012   Code   RO         5466    .text               mc_w.l(isspace_o.o)
    0x08004882   0x00000002   PAD
    0x08004884   0x00000338   Code   RO         5472    .text               mc_w.l(scanf_fp.o)
    0x08004bbc   0x00000040   Code   RO         5476    .text               mc_w.l(_sgetc.o)
    0x08004bfc   0x0000009e   Code   RO         5478    .text               mc_w.l(_strtoul.o)
    0x08004c9a   0x0000001c   Code   RO         5483    .text               mc_w.l(_chval.o)
    0x08004cb6   0x00000018   Code   RO         5485    .text               mf_w.l(dfltul.o)
    0x08004cce   0x00000038   Code   RO         5487    .text               mf_w.l(d2f.o)
    0x08004d06   0x0000006e   Code   RO         5489    .text               mf_w.l(fepilogue.o)
    0x08004d74   0x00000264   Code   RO         3756    i.App_card_process  app_card_process.o
    0x08004fd8   0x0000004c   Code   RO         3814    i.App_clickers_send_data_process  app_send_data_process.o
    0x08005024   0x0000007c   Code   RO         3815    i.App_retransmit_data  app_send_data_process.o
    0x080050a0   0x00000008   Code   RO         3915    i.App_seirial_cmd_process  app_serial_cmd_process.o
    0x080050a8   0x00000008   Code   RO         4303    i.BusFault_Handler  stm32f10x_it.o
    0x080050b0   0x0000001c   Code   RO         3447    i.ClearBitMask      mfrc500_hw.o
    0x080050cc   0x00000002   Code   RO         4304    i.DebugMon_Handler  stm32f10x_it.o
    0x080050ce   0x0000001c   Code   RO         4002    i.Delay10us         app_timer.o
    0x080050ea   0x00000010   Code   RO         4004    i.Delay3us          app_timer.o
    0x080050fa   0x00000002   PAD
    0x080050fc   0x00000018   Code   RO         4005    i.DelayMs           app_timer.o
    0x08005114   0x00000040   Code   RO         3402    i.Deselect          mfrc500.o
    0x08005154   0x00000074   Code   RO         3211    i.EE_FindValidPage  eeprom.o
    0x080051c8   0x00000036   Code   RO         3212    i.EE_Format         eeprom.o
    0x080051fe   0x00000002   PAD
    0x08005200   0x00000118   Code   RO         3213    i.EE_PageTransfer   eeprom.o
    0x08005318   0x00000060   Code   RO         3214    i.EE_ReadVariable   eeprom.o
    0x08005378   0x00000068   Code   RO         3215    i.EE_VerifyPageFullWriteVariable  eeprom.o
    0x080053e0   0x00000024   Code   RO         3216    i.EE_WriteVariable  eeprom.o
    0x08005404   0x0000009c   Code   RO         4305    i.EXTI9_5_IRQHandler  stm32f10x_it.o
    0x080054a0   0x0000000c   Code   RO          922    i.EXTI_ClearITPendingBit  stm32f10x_exti.o
    0x080054ac   0x00000028   Code   RO          926    i.EXTI_GetITStatus  stm32f10x_exti.o
    0x080054d4   0x00000094   Code   RO          927    i.EXTI_Init         stm32f10x_exti.o
    0x08005568   0x0000004c   Code   RO          980    i.FLASH_ErasePage   stm32f10x_flash.o
    0x080055b4   0x00000034   Code   RO          981    i.FLASH_GetBank1Status  stm32f10x_flash.o
    0x080055e8   0x00000040   Code   RO          993    i.FLASH_ProgramHalfWord  stm32f10x_flash.o
    0x08005628   0x00000018   Code   RO          998    i.FLASH_Unlock      stm32f10x_flash.o
    0x08005640   0x00000026   Code   RO         1002    i.FLASH_WaitForLastOperation  stm32f10x_flash.o
    0x08005666   0x00000002   PAD
    0x08005668   0x00000070   Code   RO         3217    i.Fee_Init          eeprom.o
    0x080056d8   0x00000234   Code   RO         3218    i.Fee_InitPage      eeprom.o
    0x0800590c   0x00000024   Code   RO         3264    i.GPIOInit_BEEP     gpio.o
    0x08005930   0x00000040   Code   RO         1275    i.GPIO_EXTILineConfig  stm32f10x_gpio.o
    0x08005970   0x00000116   Code   RO         1278    i.GPIO_Init         stm32f10x_gpio.o
    0x08005a86   0x00000002   PAD
    0x08005a88   0x00000090   Code   RO         1280    i.GPIO_PinRemapConfig  stm32f10x_gpio.o
    0x08005b18   0x00000004   Code   RO         1285    i.GPIO_ResetBits    stm32f10x_gpio.o
    0x08005b1c   0x00000004   Code   RO         1286    i.GPIO_SetBits      stm32f10x_gpio.o
    0x08005b20   0x0000000a   Code   RO         1289    i.GPIO_WriteBit     stm32f10x_gpio.o
    0x08005b2a   0x00000014   Code   RO         3265    i.GpioInit          gpio.o
    0x08005b3e   0x00000008   Code   RO         4306    i.HardFault_Handler  stm32f10x_it.o
    0x08005b46   0x00000022   Code   RO         4006    i.IWDG_Configuration  app_timer.o
    0x08005b68   0x00000010   Code   RO         1593    i.IWDG_Enable       stm32f10x_iwdg.o
    0x08005b78   0x00000010   Code   RO         1595    i.IWDG_ReloadCounter  stm32f10x_iwdg.o
    0x08005b88   0x0000000c   Code   RO         1596    i.IWDG_SetPrescaler  stm32f10x_iwdg.o
    0x08005b94   0x0000000c   Code   RO         1597    i.IWDG_SetReload    stm32f10x_iwdg.o
    0x08005ba0   0x0000000c   Code   RO         1598    i.IWDG_WriteAccessCmd  stm32f10x_iwdg.o
    0x08005bac   0x00000002   Code   RO         3449    i.MRC500_DEBUG_END  mfrc500_hw.o
    0x08005bae   0x00000002   Code   RO         3450    i.MRC500_DEBUG_START  mfrc500_hw.o
    0x08005bb0   0x00000008   Code   RO         4307    i.MemManage_Handler  stm32f10x_it.o
    0x08005bb8   0x00000008   Code   RO         4308    i.NMI_Handler       stm32f10x_it.o
    0x08005bc0   0x00000070   Code   RO           96    i.NVIC_Init         misc.o
    0x08005c30   0x00000014   Code   RO           97    i.NVIC_PriorityGroupConfig  misc.o
    0x08005c44   0x00000014   Code   RO           98    i.NVIC_SetVectorTable  misc.o
    0x08005c58   0x000000f8   Code   RO         3816    i.Parse_time_to_str  app_send_data_process.o
    0x08005d50   0x0000000c   Code   RO         3451    i.PcdAntennaOff     mfrc500_hw.o
    0x08005d5c   0x0000000c   Code   RO         3452    i.PcdAntennaOn      mfrc500_hw.o
    0x08005d68   0x000000a8   Code   RO         3532    i.PcdAnticoll       mfrc500_ios14443.o
    0x08005e10   0x000001d2   Code   RO         3453    i.PcdComTransceive  mfrc500_hw.o
    0x08005fe2   0x0000005c   Code   RO         3533    i.PcdDeselect       mfrc500_ios14443.o
    0x0800603e   0x00000044   Code   RO         3534    i.PcdHalt           mfrc500_ios14443.o
    0x08006082   0x0000006c   Code   RO         3542    i.PcdRequest        mfrc500_ios14443.o
    0x080060ee   0x00000088   Code   RO         3543    i.PcdSelect1        mfrc500_ios14443.o
    0x08006176   0x00000088   Code   RO         3544    i.PcdSelect2        mfrc500_ios14443.o
    0x080061fe   0x0000007c   Code   RO         3454    i.PcdSetTmo         mfrc500_hw.o
    0x0800627a   0x00000002   Code   RO         4309    i.PendSV_Handler    stm32f10x_it.o
    0x0800627c   0x000000f0   Code   RO         4139    i.Platform_Init     init.o
    0x0800636c   0x00000020   Code   RO         1699    i.RCC_AHBPeriphClockCmd  stm32f10x_rcc.o
    0x0800638c   0x00000020   Code   RO         1700    i.RCC_APB1PeriphClockCmd  stm32f10x_rcc.o
    0x080063ac   0x00000020   Code   RO         1702    i.RCC_APB2PeriphClockCmd  stm32f10x_rcc.o
    0x080063cc   0x0000000c   Code   RO         1708    i.RCC_ClockSecuritySystemCmd  stm32f10x_rcc.o
    0x080063d8   0x0000004c   Code   RO         1709    i.RCC_DeInit        stm32f10x_rcc.o
    0x08006424   0x000000d8   Code   RO         1710    i.RCC_GetClocksFreq  stm32f10x_rcc.o
    0x080064fc   0x0000003c   Code   RO         1711    i.RCC_GetFlagStatus  stm32f10x_rcc.o
    0x08006538   0x00000010   Code   RO         1713    i.RCC_GetSYSCLKSource  stm32f10x_rcc.o
    0x08006548   0x00000018   Code   RO         1714    i.RCC_HCLKConfig    stm32f10x_rcc.o
    0x08006560   0x0000000c   Code   RO         1716    i.RCC_HSICmd        stm32f10x_rcc.o
    0x0800656c   0x00000018   Code   RO         1721    i.RCC_PCLK1Config   stm32f10x_rcc.o
    0x08006584   0x00000018   Code   RO         1722    i.RCC_PCLK2Config   stm32f10x_rcc.o
    0x0800659c   0x0000000c   Code   RO         1723    i.RCC_PLLCmd        stm32f10x_rcc.o
    0x080065a8   0x0000001c   Code   RO         1724    i.RCC_PLLConfig     stm32f10x_rcc.o
    0x080065c4   0x00000018   Code   RO         1727    i.RCC_SYSCLKConfig  stm32f10x_rcc.o
    0x080065dc   0x00000164   Code   RO         3455    i.ReadRC            mfrc500_hw.o
    0x08006740   0x00000018   Code   RO         2185    i.SPI_Cmd           stm32f10x_spi.o
    0x08006758   0x00000012   Code   RO         2193    i.SPI_I2S_GetFlagStatus  stm32f10x_spi.o
    0x0800676a   0x00000006   Code   RO         2196    i.SPI_I2S_ReceiveData  stm32f10x_spi.o
    0x08006770   0x00000004   Code   RO         2197    i.SPI_I2S_SendData  stm32f10x_spi.o
    0x08006774   0x0000003c   Code   RO         2198    i.SPI_Init          stm32f10x_spi.o
    0x080067b0   0x00000038   Code   RO         3658    i.SPI_NRF_RW        nrf.o
    0x080067e8   0x00000028   Code   RO         3659    i.SPI_NRF_ReadReg   nrf.o
    0x08006810   0x0000002c   Code   RO         3660    i.SPI_NRF_WriteReg  nrf.o
    0x0800683c   0x00000002   Code   RO         4310    i.SVC_Handler       stm32f10x_it.o
    0x0800683e   0x0000001c   Code   RO         3456    i.SetBitMask        mfrc500_hw.o
    0x0800685a   0x00000008   Code   RO            1    i.SetSysClock       system_stm32f10x.o
    0x08006862   0x00000002   PAD
    0x08006864   0x00000160   Code   RO            2    i.SetSysClockTo72   system_stm32f10x.o
    0x080069c4   0x000000e0   Code   RO         4007    i.SysClockInit      app_timer.o
    0x08006aa4   0x00000064   Code   RO         4311    i.SysTick_Handler   stm32f10x_it.o
    0x08006b08   0x000000a8   Code   RO            3    i.SystemCoreClockUpdate  system_stm32f10x.o
    0x08006bb0   0x00000064   Code   RO            4    i.SystemInit        system_stm32f10x.o
    0x08006c14   0x0000008c   Code   RO         4008    i.Timer_list_handler  app_timer.o
    0x08006ca0   0x00000024   Code   RO         4009    i.TimingDelay_Decrement  app_timer.o
    0x08006cc4   0x0000005c   Code   RO         4312    i.USART1_IRQHandler  stm32f10x_it.o
    0x08006d20   0x00000018   Code   RO         2876    i.USART_Cmd         stm32f10x_usart.o
    0x08006d38   0x0000001a   Code   RO         2879    i.USART_GetFlagStatus  stm32f10x_usart.o
    0x08006d52   0x00000054   Code   RO         2880    i.USART_GetITStatus  stm32f10x_usart.o
    0x08006da6   0x0000004a   Code   RO         2882    i.USART_ITConfig    stm32f10x_usart.o
    0x08006df0   0x000000d8   Code   RO         2883    i.USART_Init        stm32f10x_usart.o
    0x08006ec8   0x0000000a   Code   RO         2890    i.USART_ReceiveData  stm32f10x_usart.o
    0x08006ed2   0x00000008   Code   RO         2893    i.USART_SendData    stm32f10x_usart.o
    0x08006eda   0x00000004   Code   RO         4313    i.UsageFault_Handler  stm32f10x_it.o
    0x08006ede   0x00000002   PAD
    0x08006ee0   0x000000a8   Code   RO         4140    i.Usart1_Init       init.o
    0x08006f88   0x000000d8   Code   RO         3457    i.WriteRC           mfrc500_hw.o
    0x08007060   0x0000001a   Code   RO         3109    i.XOR_Cal           baord.o
    0x0800707a   0x00000002   PAD
    0x0800707c   0x00000020   Code   RO         5323    i.__0printf         mc_w.l(printfa.o)
    0x0800709c   0x00000028   Code   RO         5325    i.__0sprintf        mc_w.l(printfa.o)
    0x080070c4   0x00000024   Code   RO         5329    i.__0vsprintf       mc_w.l(printfa.o)
    0x080070e8   0x00000008   Code   RO         5422    i.__aeabi_errno_addr  mc_w.l(errno.o)
    0x080070f0   0x0000000e   Code   RO         5493    i.__scatterload_copy  mc_w.l(handlers.o)
    0x080070fe   0x00000002   Code   RO         5494    i.__scatterload_null  mc_w.l(handlers.o)
    0x08007100   0x0000000e   Code   RO         5495    i.__scatterload_zeroinit  mc_w.l(handlers.o)
    0x0800710e   0x00000006   Code   RO         4220    i.__set_PRIMASK     ringbuffer.o
    0x08007114   0x00000164   Code   RO         5330    i._fp_digits        mc_w.l(printfa.o)
    0x08007278   0x0000000e   Code   RO         5474    i._is_digit         mc_w.l(scanf_fp.o)
    0x08007286   0x00000002   PAD
    0x08007288   0x000006dc   Code   RO         5331    i._printf_core      mc_w.l(printfa.o)
    0x08007964   0x00000024   Code   RO         5332    i._printf_post_padding  mc_w.l(printfa.o)
    0x08007988   0x0000002e   Code   RO         5333    i._printf_pre_padding  mc_w.l(printfa.o)
    0x080079b6   0x0000000a   Code   RO         5335    i._sputc            mc_w.l(printfa.o)
    0x080079c0   0x00000010   Code   RO         3798    i.app_handle_layer  app_handle_layer.o
    0x080079d0   0x0000008c   Code   RO         3976    i.b_print           app_show_message_process.o
    0x08007a5c   0x0000000c   Code   RO         4221    i.buffer_get_buffer_status  ringbuffer.o
    0x08007a68   0x00000058   Code   RO         4566    i.cJSON_Delete      cjson.o
    0x08007ac0   0x00000026   Code   RO         4575    i.cJSON_GetObjectItem  cjson.o
    0x08007ae6   0x00000002   PAD
    0x08007ae8   0x00000020   Code   RO         4580    i.cJSON_New_Item    cjson.o
    0x08007b08   0x00000010   Code   RO         4581    i.cJSON_Parse       cjson.o
    0x08007b18   0x00000070   Code   RO         4582    i.cJSON_ParseWithOpts  cjson.o
    0x08007b88   0x0000004c   Code   RO         4591    i.cJSON_strcasecmp  cjson.o
    0x08007bd4   0x00000040   Code   RO         3757    i.card_timer_init   app_card_process.o
    0x08007c14   0x00000074   Code   RO         4418    i.clear_index_of_white_list_pos  whitelist.o
    0x08007c88   0x00000094   Code   RO         4420    i.clicker_config_default_set  whitelist.o
    0x08007d1c   0x0000001a   Code   RO         3661    i.delay             nrf.o
    0x08007d36   0x0000001a   Code   RO         3916    i.exchange_json_format  app_serial_cmd_process.o
    0x08007d50   0x00000024   Code   RO         4422    i.flash_white_list_use_table  whitelist.o
    0x08007d74   0x00000024   Code   RO         3111    i.fputc             baord.o
    0x08007d98   0x00000050   Code   RO         5351    i.free              mc_w.l(malloc.o)
    0x08007de8   0x0000003c   Code   RO         4222    i.get               ringbuffer.o
    0x08007e24   0x00000030   Code   RO         4423    i.get_index_of_uid  whitelist.o
    0x08007e54   0x00000040   Code   RO         4424    i.get_index_of_white_list_pos_status  whitelist.o
    0x08007e94   0x000000dc   Code   RO         4395    i.get_mcu_uid       version.o
    0x08007f70   0x0000000c   Code   RO         3817    i.get_send_data_status  app_send_data_process.o
    0x08007f7c   0x00000118   Code   RO         4427    i.get_white_list_from_flash  whitelist.o
    0x08008094   0x00000034   Code   RO         4142    i.hal_nrf_rw        init.o
    0x080080c8   0x00000040   Code   RO         3266    i.ledInit           gpio.o
    0x08008108   0x00000038   Code   RO         3267    i.ledOff            gpio.o
    0x08008140   0x00000038   Code   RO         3268    i.ledOn             gpio.o
    0x08008178   0x00000024   Code   RO         3269    i.ledToggle         gpio.o
    0x0800819c   0x0000000c   Code   RO         4205    i.main              main.o
    0x080081a8   0x0000006c   Code   RO         5352    i.malloc            mc_w.l(malloc.o)
    0x08008214   0x00000108   Code   RO         3458    i.mfrc500_gpio_init  mfrc500_hw.o
    0x0800831c   0x000000f0   Code   RO         3459    i.mfrc500_init      mfrc500_hw.o
    0x0800840c   0x00000150   Code   RO         3662    i.nrf1_spi_init     nrf.o
    0x0800855c   0x0000010c   Code   RO         3663    i.nrf2_spi_init     nrf.o
    0x08008668   0x0000000c   Code   RO         3664    i.nrf51822_spi_init  nrf.o
    0x08008674   0x00000002   Code   RO         3665    i.nrf_transmit_start  nrf.o
    0x08008676   0x000000bc   Code   RO         4595    i.parse_array       cjson.o
    0x08008732   0x0000005c   Code   RO         4596    i.parse_hex4        cjson.o
    0x0800878e   0x00000002   PAD
    0x08008790   0x00000078   Code   RO         4597    i.parse_number      cjson.o
    0x08008808   0x0000011c   Code   RO         4598    i.parse_object      cjson.o
    0x08008924   0x0000023c   Code   RO         4599    i.parse_string      cjson.o
    0x08008b60   0x000000c0   Code   RO         4600    i.parse_value       cjson.o
    0x08008c20   0x00000066   Code   RO         3666    i.pre_wr_data       nrf.o
    0x08008c86   0x00000002   PAD
    0x08008c88   0x00000130   Code   RO         3667    i.rd_data_before_wr1  nrf.o
    0x08008db8   0x0000000c   Code   RO         3818    i.retransmit_2s_timer_callback  app_send_data_process.o
    0x08008dc4   0x0000002c   Code   RO         3819    i.retransmit_500ms_timer_callback  app_send_data_process.o
    0x08008df0   0x0000000c   Code   RO         3758    i.rf_get_card_status  app_card_process.o
    0x08008dfc   0x0000000c   Code   RO         3759    i.rf_set_card_status  app_card_process.o
    0x08008e08   0x0000004a   Code   RO         4429    i.search_uid_in_white_list  whitelist.o
    0x08008e52   0x00000002   PAD
    0x08008e54   0x00000070   Code   RO         3820    i.send_data_process_timer_init  app_send_data_process.o
    0x08008ec4   0x000000f0   Code   RO         3918    i.serial_cmd_find_card  app_serial_cmd_process.o
    0x08008fb4   0x00000108   Code   RO         3919    i.serial_cmd_get_device_info  app_serial_cmd_process.o
    0x080090bc   0x0000017c   Code   RO         3920    i.serial_cmd_process  app_serial_cmd_process.o
    0x08009238   0x00000030   Code   RO         3921    i.serial_cmd_si24r2e_rd_wr_nvm  app_serial_cmd_process.o
    0x08009268   0x00000024   Code   RO         4226    i.set               ringbuffer.o
    0x0800928c   0x00000074   Code   RO         4430    i.set_index_of_white_list_pos  whitelist.o
    0x08009300   0x00000150   Code   RO         3668    i.si24r2e_read_nvm  nrf.o
    0x08009450   0x00000054   Code   RO         3669    i.si24r2e_write_nvm  nrf.o
    0x080094a4   0x00000012   Code   RO         4607    i.skip              cjson.o
    0x080094b6   0x00000002   PAD
    0x080094b8   0x000000b8   Code   RO         3822    i.spi_process_revice_data  app_send_data_process.o
    0x08009570   0x00000080   Code   RO         4227    i.spi_read_data_from_buffer  ringbuffer.o
    0x080095f0   0x00000290   Code   RO         4143    i.spi_read_tx_payload  init.o
    0x08009880   0x000000dc   Code   RO         4144    i.spi_set_cpu_rx_signal_ch  init.o
    0x0800995c   0x00000034   Code   RO         3670    i.spi_wr_data       nrf.o
    0x08009990   0x00000058   Code   RO         4228    i.spi_write_data_to_buffer  ringbuffer.o
    0x080099e8   0x0000001e   Code   RO         4431    i.store_len_to_fee  whitelist.o
    0x08009a06   0x0000001c   Code   RO         5060    i.strtod            m_ws.l(strtod.o)
    0x08009a22   0x00000002   PAD
    0x08009a24   0x00000014   Code   RO         4010    i.sw_clear_timer    app_timer.o
    0x08009a38   0x00000030   Code   RO         4011    i.sw_create_timer   app_timer.o
    0x08009a68   0x00000006   Code   RO         4012    i.sw_get_cnt        app_timer.o
    0x08009a6e   0x00000008   Code   RO         4013    i.sw_get_status     app_timer.o
    0x08009a76   0x00000008   Code   RO         4014    i.sw_inc_cnt        app_timer.o
    0x08009a7e   0x00000002   PAD
    0x08009a80   0x00000038   Code   RO         4015    i.sw_register_timer  app_timer.o
    0x08009ab8   0x00000004   Code   RO         4016    i.sw_set_cnt        app_timer.o
    0x08009abc   0x00000006   Code   RO         4017    i.sw_set_sattus     app_timer.o
    0x08009ac2   0x00000002   PAD
    0x08009ac4   0x0000005c   Code   RO         4018    i.sw_timer_init     app_timer.o
    0x08009b20   0x00000014   Code   RO         4019    i.sw_unregister_timer  app_timer.o
    0x08009b34   0x00000044   Code   RO         4020    i.system_timer_init  app_timer.o
    0x08009b78   0x0000006c   Code   RO         4021    i.systemtick_timeout_callback  app_timer.o
    0x08009be4   0x000001b0   Code   RO         4314    i.uart_revice_data_state_mechine  stm32f10x_it.o
    0x08009d94   0x00000002   Code   RO         4315    i.uart_send_data_state_machine  stm32f10x_it.o
    0x08009d96   0x0000002a   Code   RO         4433    i.uidcmp            whitelist.o
    0x08009dc0   0x0000004c   Code   RO         4229    i.update_bottom     ringbuffer.o
    0x08009e0c   0x000004a4   Code   RO         3823    i.update_data_to_buffer  app_send_data_process.o
    0x0800a2b0   0x00000074   Code   RO         4230    i.update_read_status  ringbuffer.o
    0x0800a324   0x0000004c   Code   RO         4231    i.update_top        ringbuffer.o
    0x0800a370   0x00000054   Code   RO         4232    i.update_write_status  ringbuffer.o
    0x0800a3c4   0x00000038   Code   RO         3824    i.whitelist_checktable_and  app_send_data_process.o
    0x0800a3fc   0x00000104   Code   RO         3671    i.wr_data           nrf.o
    0x0800a500   0x00000018   Data   RO         3270    .constdata          gpio.o
    0x0800a518   0x0000003c   Data   RO         3922    .constdata          app_serial_cmd_process.o
    0x0800a554   0x00000008   Data   RO         4234    .constdata          ringbuffer.o
    0x0800a55c   0x00000005   Data   RO         4611    .constdata          cjson.o
    0x0800a561   0x00000081   Data   RO         5445    .constdata          mc_w.l(ctype_o.o)
    0x0800a5e2   0x00000002   PAD
    0x0800a5e4   0x00000004   Data   RO         5446    .constdata          mc_w.l(ctype_o.o)
    0x0800a5e8   0x0000004c   Data   RO         3923    .conststring        app_serial_cmd_process.o
    0x0800a634   0x00000020   Data   RO         5491    Region$$Table       anon$$obj.o


    Execution Region RW_IRAM1 (Base: 0x20000000, Size: 0x00003b40, Max: 0x00005000, ABSOLUTE)

    Base Addr    Size         Type   Attr      Idx    E Section Name        Object

    0x20000000   0x00000014   Data   RW            5    .data               system_stm32f10x.o
    0x20000014   0x00000014   Data   RW         1730    .data               stm32f10x_rcc.o
    0x20000028   0x00000002   Data   RW         3219    .data               eeprom.o
    0x2000002a   0x00000002   PAD
    0x2000002c   0x00000010   Data   RW         3271    .data               gpio.o
    0x2000003c   0x00000068   Data   RW         3672    .data               nrf.o
    0x200000a4   0x00000008   Data   RW         3761    .data               app_card_process.o
    0x200000ac   0x00000002   Data   RW         3827    .data               app_send_data_process.o
    0x200000ae   0x00000003   Data   RW         3924    .data               app_serial_cmd_process.o
    0x200000b1   0x00000001   Data   RW         3977    .data               app_show_message_process.o
    0x200000b2   0x00000002   PAD
    0x200000b4   0x00000009   Data   RW         4023    .data               app_timer.o
    0x200000bd   0x00000001   Data   RW         4148    .data               init.o
    0x200000be   0x00000002   PAD
    0x200000c0   0x0000001e   Data   RW         4235    .data               ringbuffer.o
    0x200000de   0x00000002   PAD
    0x200000e0   0x0000000f   Data   RW         4317    .data               stm32f10x_it.o
    0x200000ef   0x00000008   Data   RW         4397    .data               version.o
    0x200000f7   0x00000004   Data   RW         4435    .data               whitelist.o
    0x200000fb   0x00000001   PAD
    0x200000fc   0x0000000c   Data   RW         4612    .data               cjson.o
    0x20000108   0x00000004   Data   RW         5409    .data               mc_w.l(stdout.o)
    0x2000010c   0x00000004   Data   RW         5420    .data               mc_w.l(mvars.o)
    0x20000110   0x00000004   Data   RW         5421    .data               mc_w.l(mvars.o)
    0x20000114   0x00000004   Data   RW         5425    .data               mc_w.l(errno.o)
    0x20000118   0x00000172   Zero   RW         3760    .bss                app_card_process.o
    0x2000028a   0x0000001c   Zero   RW         3826    .bss                app_send_data_process.o
    0x200002a6   0x00000002   PAD
    0x200002a8   0x00000130   Zero   RW         4022    .bss                app_timer.o
    0x200003d8   0x000003f5   Zero   RW         4147    .bss                init.o
    0x200007cd   0x00000c00   Zero   RW         4233    .bss                ringbuffer.o
    0x200013cd   0x00001194   Zero   RW         4316    .bss                stm32f10x_it.o
    0x20002561   0x00000003   PAD
    0x20002564   0x000005dc   Zero   RW         4434    .bss                whitelist.o
    0x20002b40   0x00000800   Zero   RW           79    HEAP                startup_stm32f10x_md.o
    0x20003340   0x00000800   Zero   RW           78    STACK               startup_stm32f10x_md.o


==============================================================================

Image component sizes


      Code (inc. data)   RO Data    RW Data    ZI Data      Debug   Object Name

       700        168          0          8        370       4847   app_card_process.o
        16          0          0          0          0        439   app_handle_layer.o
      2056        418          0          2         28      13063   app_send_data_process.o
       966        458        136          3          0       4861   app_serial_cmd_process.o
       140         10          0          1          0       1278   app_show_message_process.o
       946        114          0          9        304      26453   app_timer.o
        62          4          0          0          0      13346   baord.o
      1828         66          5         12          0      10317   cjson.o
      1362         34          0          2          0       7037   eeprom.o
       268         48         24         16          0       3108   gpio.o
      1336        260          0          1       1013      21226   init.o
         0          0          0          0          0        392   m24sr_cmd.o
        12          0          0          0          0        403   main.o
        64          4          0          0          0        543   mfrc500.o
      1750         64          0          0          0       6976   mfrc500_hw.o
       708          0          0          0          0       5028   mfrc500_ios14443.o
       152         30          0          0          0       2125   misc.o
      1922        244          0        104          0       8369   nrf.o
       682         94          8         30       3072       5957   ringbuffer.o
        36          8        236          0       4096        904   startup_stm32f10x_md.o
       200         18          0          0          0       2168   stm32f10x_exti.o
       254         24          0          0          0       3013   stm32f10x_flash.o
       504         10          0          0          0       5148   stm32f10x_gpio.o
       824        156          0         15       4500       6812   stm32f10x_it.o
        68         30          0          0          0       2522   stm32f10x_iwdg.o
       624        108          0         20          0      11108   stm32f10x_rcc.o
       112          0          0          0          0       3910   stm32f10x_spi.o
       442          6          0          0          0       6269   stm32f10x_usart.o
       628         54          0         20          0     250238   system_stm32f10x.o
       220         18          0          8          0       1157   version.o
       954         56          0          4       1500       8254   whitelist.o

    ----------------------------------------------------------------------
     19864       2504        441        264      14888     437271   Object Totals
         0          0         32          0          0          0   (incl. Generated)
        28          0          0          9          5          0   (incl. Padding)

    ----------------------------------------------------------------------

      Code (inc. data)   RO Data    RW Data    ZI Data      Debug   Library Member Name

        28          0          0          0          0         80   strtod.o
        28          0          0          0          0         68   _chval.o
        64          0          0          0          0         84   _sgetc.o
       158          0          0          0          0         92   _strtoul.o
        26          0          0          0          0         80   atoi.o
         8          4        133          0          0         68   ctype_o.o
         0          0          0          0          0          0   entry.o
         0          0          0          0          0          0   entry10a.o
         0          0          0          0          0          0   entry11a.o
         8          4          0          0          0          0   entry2.o
         4          0          0          0          0          0   entry5.o
         0          0          0          0          0          0   entry7b.o
         0          0          0          0          0          0   entry8b.o
         8          4          0          0          0          0   entry9a.o
         8          4          0          4          0         68   errno.o
        30          0          0          0          0          0   handlers.o
        36          8          0          0          0         68   init.o
        18          0          0          0          0         76   isspace_o.o
         0          0          0          0          0          0   iusefp.o
        30          0          0          0          0         68   llshl.o
        36          0          0          0          0         68   llsshr.o
        32          0          0          0          0         68   llushr.o
       188         20          0          0          0        160   malloc.o
        36          0          0          0          0         68   memcpya.o
        36          0          0          0          0        108   memseta.o
         0          0          0          8          0          0   mvars.o
      2312        102          0          0          0        676   printfa.o
       838         12          0          0          0        216   scanf_fp.o
         0          0          0          4          0          0   stdout.o
        30          0          0          0          0         80   strncmp.o
       156         14          0          0          0        120   strtod.o
       112          0          0          0          0         88   strtol.o
        12          0          0          0          0         68   tolower.o
        44          0          0          0          0         80   uidiv.o
        98          0          0          0          0         92   uldiv.o
        48          0          0          0          0         68   cdcmple.o
        48          0          0          0          0         68   cdrcmple.o
        56          0          0          0          0         88   d2f.o
       334          0          0          0          0        148   dadd.o
       222          0          0          0          0        100   ddiv.o
       186          0          0          0          0        176   depilogue.o
        62          0          0          0          0         80   dfixi.o
        48          0          0          0          0         68   dfixul.o
        24          0          0          0          0         76   dfltul.o
       228          0          0          0          0         96   dmul.o
       110          0          0          0          0        168   fepilogue.o

    ----------------------------------------------------------------------
      5756        172        135         16          0       3780   Library Totals
         6          0          2          0          0          0   (incl. Padding)

    ----------------------------------------------------------------------

      Code (inc. data)   RO Data    RW Data    ZI Data      Debug   Library Name

        28          0          0          0          0         80   m_ws.l
      4356        172        133         16          0       2564   mc_w.l
      1366          0          0          0          0       1136   mf_w.l

    ----------------------------------------------------------------------
      5756        172        135         16          0       3780   Library Totals

    ----------------------------------------------------------------------

==============================================================================


      Code (inc. data)   RO Data    RW Data    ZI Data      Debug   

     25620       2676        576        280      14888     429243   Grand Totals
     25620       2676        576        280      14888     429243   ELF Image Totals
     25620       2676        576        280          0          0   ROM Totals

==============================================================================

    Total RO  Size (Code + RO Data)                26196 (  25.58kB)
    Total RW  Size (RW Data + ZI Data)             15168 (  14.81kB)
    Total ROM Size (Code + RO Data + RW Data)      26476 (  25.86kB)

==============================================================================

