<html>
<body>
<pre>
<h1>µVision Build Log</h1>
<h2>Tool Versions:</h2>
IDE-Version: ¦ÌVision V5.18.0.0
Copyright (C) 2016 ARM Ltd and ARM Germany GmbH. All rights reserved.
License Information: sam Microsoft, Microsoft, LIC=JL2Y8-3K0S9-2LCCT-RV2X0-ZCPLC-MKJJH
 
Tool Versions:
Toolchain:       MDK-ARM Standard  Version: 5.18
Toolchain Path:  d:\Keil_v5\ARM\ARMCC\Bin
C Compiler:      Armcc.exe V5.06 update 1 (build 61)
Assembler:       Armasm.exe V5.06 update 1 (build 61)
Linker/Locator:  ArmLink.exe V5.06 update 1 (build 61)
Library Manager: ArmAr.exe V5.06 update 1 (build 61)
Hex Converter:   FromElf.exe V5.06 update 1 (build 61)
CPU DLL:         SARMCM3.DLL V5.18
Dialog DLL:      DCM.DLL V1.13.6.0
Target DLL:      Segger\JL2CM3.dll V2.99.18.0
Dialog DLL:      TCM.DLL V1.14.8.0
 
<h2>Project:</h2>
F:\My-Git\1.YYKSLQ_GITHUB\Project\DTQ-STM32-ZKXL0200.uvprojx
Project File Date:  05/24/2017

<h2>Output:</h2>
*** Using Compiler 'V5.06 update 1 (build 61)', folder: 'd:\Keil_v5\ARM\ARMCC\Bin'
Build target 'v0.1.0'
assembling startup_stm32f10x_md.s...
compiling core_cm3.c...
compiling misc.c...
compiling system_stm32f10x.c...
compiling stm32f10x_adc.c...
compiling stm32f10x_bkp.c...
compiling stm32f10x_can.c...
compiling stm32f10x_cec.c...
compiling stm32f10x_crc.c...
compiling stm32f10x_dac.c...
compiling stm32f10x_dbgmcu.c...
compiling stm32f10x_exti.c...
compiling stm32f10x_dma.c...
compiling stm32f10x_flash.c...
compiling stm32f10x_i2c.c...
compiling stm32f10x_fsmc.c...
compiling stm32f10x_gpio.c...
compiling stm32f10x_iwdg.c...
compiling stm32f10x_pwr.c...
compiling stm32f10x_rcc.c...
compiling stm32f10x_rtc.c...
compiling stm32f10x_spi.c...
compiling stm32f10x_sdio.c...
compiling stm32f10x_usart.c...
compiling stm32f10x_tim.c...
compiling stm32f10x_wwdg.c...
compiling baord.c...
compiling gpio.c...
compiling eeprom.c...
compiling m24sr_cmd.c...
compiling mfrc500_hw.c...
compiling mfrc500.c...
compiling mfrc500_ios14443.c...
compiling app_card_process.c...
compiling nrf.c...
..\Bsp\nrf.c(479): warning:  #550-D: variable "tep" was set but never used
  	int tep;
..\Bsp\nrf.c(560): warning:  #1-D: last line of file ends without a newline
  /**************************************END OF FILE****************************/
..\Bsp\nrf.c: 2 warnings, 0 errors
compiling app_handle_layer.c...
compiling app_serial_cmd_process.c...
compiling app_send_data_process.c...
compiling app_show_message_process.c...
compiling app_timer.c...
compiling init.c...
compiling main.c...
compiling ringbuffer.c...
compiling version.c...
compiling stm32f10x_it.c...
compiling cJSON.c...
..\Libraries\cJSON\cJSON.c(96): warning:  #1293-D: assignment in condition
      if (!(copy = (unsigned char*)cJSON_malloc(len)))
..\Libraries\cJSON\cJSON.c(673): warning:  #1293-D: assignment in condition
      while ((token = *ptr))
..\Libraries\cJSON\cJSON.c(1065): warning:  #1293-D: assignment in condition
          if (!(new_item = cJSON_New_Item()))
..\Libraries\cJSON\cJSON.c(1328): warning:  #1293-D: assignment in condition
          if (!(new_item = cJSON_New_Item()))
..\Libraries\cJSON\cJSON.c(1779): warning:  #161-D: unrecognized #pragma
  #pragma GCC diagnostic push
..\Libraries\cJSON\cJSON.c(1780): warning:  #161-D: unrecognized #pragma
  #pragma GCC diagnostic ignored "-Wcast-qual"
..\Libraries\cJSON\cJSON.c(1782): warning:  #161-D: unrecognized #pragma
  #pragma GCC diagnostic pop
..\Libraries\cJSON\cJSON.c: 7 warnings, 0 errors
compiling cJSON_Utils.c...
..\Libraries\cJSON\cJSON_Utils.c(24): warning:  #1293-D: assignment in condition
      if (!(copy = (unsigned char*)malloc(len)))
..\Libraries\cJSON\cJSON_Utils.c(531): warning:  #1293-D: assignment in condition
          if ((err = cJSONUtils_ApplyPatch(object, patches)))
..\Libraries\cJSON\cJSON_Utils.c: 2 warnings, 0 errors
compiling whitelist.c...
linking...
Program Size: Code=25620 RO-data=576 RW-data=280 ZI-data=14888  
".\Objects\DTQ_RP551CPU_ZKXL0200_V0103.hex" - 0 Error(s), 11 Warning(s).

<h2>Software Packages used:</h2>

Package Vendor: ARM
                http://www.keil.com/pack/ARM.CMSIS.4.5.0.pack
                ARM::CMSIS:CORE:4.3.0
                CMSIS (Cortex Microcontroller Software Interface Standard)
   * Component: CORE Version: 4.3.0

<h2>Collection of Component include folders:</h2>
  F:\My-Git\1.YYKSLQ_GITHUB\Project\RTE
  d:\Keil_v5\ARM\PACK\ARM\CMSIS\4.5.0\CMSIS\Include
  d:\Keil_v5\ARM\PACK\Keil\STM32F1xx_DFP\2.1.0\Device\Include

<h2>Collection of Component Files used:</h2>

   * Component: ARM::CMSIS:CORE:4.3.0
Build Time Elapsed:  00:00:07
</pre>
</body>
</html>
